  Determining projects to restore...
C:\Users\ASUS\Desktop\DOAN\BE\GSP26SE43.ModularMonolith\ClassifiedAds.UnitTests\ClassifiedAds.UnitTests.csproj : warning NU1903: Package 'System.Security.Cryptography.Xml' 10.0.4 has a known high severity vulnerability, https://github.com/advisories/GHSA-37gx-xxp4-5rgx
C:\Users\ASUS\Desktop\DOAN\BE\GSP26SE43.ModularMonolith\ClassifiedAds.UnitTests\ClassifiedAds.UnitTests.csproj : warning NU1903: Package 'System.Security.Cryptography.Xml' 10.0.4 has a known high severity vulnerability, https://github.com/advisories/GHSA-w3x6-4m5h-cxqf
  All projects are up-to-date for restore.
C:\Users\ASUS\Desktop\DOAN\BE\GSP26SE43.ModularMonolith\ClassifiedAds.UnitTests\ClassifiedAds.UnitTests.csproj : warning NU1903: Package 'System.Security.Cryptography.Xml' 10.0.4 has a known high severity vulnerability, https://github.com/advisories/GHSA-37gx-xxp4-5rgx
C:\Users\ASUS\Desktop\DOAN\BE\GSP26SE43.ModularMonolith\ClassifiedAds.UnitTests\ClassifiedAds.UnitTests.csproj : warning NU1903: Package 'System.Security.Cryptography.Xml' 10.0.4 has a known high severity vulnerability, https://github.com/advisories/GHSA-w3x6-4m5h-cxqf
  ClassifiedAds.CrossCuttingConcerns -> C:\Users\ASUS\Desktop\DOAN\BE\GSP26SE43.ModularMonolith\ClassifiedAds.CrossCuttingConcerns\bin\Debug\net10.0\ClassifiedAds.CrossCuttingConcerns.dll
  ClassifiedAds.Contracts -> C:\Users\ASUS\Desktop\DOAN\BE\GSP26SE43.ModularMonolith\ClassifiedAds.Contracts\bin\Debug\net10.0\ClassifiedAds.Contracts.dll
  ClassifiedAds.ServiceDefaults -> C:\Users\ASUS\Desktop\DOAN\BE\GSP26SE43.ModularMonolith\ClassifiedAds.ServiceDefaults\bin\Debug\net10.0\ClassifiedAds.ServiceDefaults.dll
  ClassifiedAds.Domain -> C:\Users\ASUS\Desktop\DOAN\BE\GSP26SE43.ModularMonolith\ClassifiedAds.Domain\bin\Debug\net10.0\ClassifiedAds.Domain.dll
  ClassifiedAds.Application -> C:\Users\ASUS\Desktop\DOAN\BE\GSP26SE43.ModularMonolith\ClassifiedAds.Application\bin\Debug\net10.0\ClassifiedAds.Application.dll
  ClassifiedAds.Persistence.PostgreSQL -> C:\Users\ASUS\Desktop\DOAN\BE\GSP26SE43.ModularMonolith\ClassifiedAds.Persistence.PostgreSQL\bin\Debug\net10.0\ClassifiedAds.Persistence.PostgreSQL.dll
  ClassifiedAds.Infrastructure -> C:\Users\ASUS\Desktop\DOAN\BE\GSP26SE43.ModularMonolith\ClassifiedAds.Infrastructure\bin\Debug\net10.0\ClassifiedAds.Infrastructure.dll
  ClassifiedAds.Modules.Identity -> C:\Users\ASUS\Desktop\DOAN\BE\GSP26SE43.ModularMonolith\ClassifiedAds.Modules.Identity\bin\Debug\net10.0\ClassifiedAds.Modules.Identity.dll
  ClassifiedAds.Modules.TestExecution -> C:\Users\ASUS\Desktop\DOAN\BE\GSP26SE43.ModularMonolith\ClassifiedAds.Modules.TestExecution\bin\Debug\net10.0\ClassifiedAds.Modules.TestExecution.dll
  ClassifiedAds.Modules.AuditLog -> C:\Users\ASUS\Desktop\DOAN\BE\GSP26SE43.ModularMonolith\ClassifiedAds.Modules.AuditLog\bin\Debug\net10.0\ClassifiedAds.Modules.AuditLog.dll
  ClassifiedAds.Modules.TestReporting -> C:\Users\ASUS\Desktop\DOAN\BE\GSP26SE43.ModularMonolith\ClassifiedAds.Modules.TestReporting\bin\Debug\net10.0\ClassifiedAds.Modules.TestReporting.dll
  ClassifiedAds.Modules.TestGeneration -> C:\Users\ASUS\Desktop\DOAN\BE\GSP26SE43.ModularMonolith\ClassifiedAds.Modules.TestGeneration\bin\Debug\net10.0\ClassifiedAds.Modules.TestGeneration.dll
  ClassifiedAds.Modules.ApiDocumentation -> C:\Users\ASUS\Desktop\DOAN\BE\GSP26SE43.ModularMonolith\ClassifiedAds.Modules.ApiDocumentation\bin\Debug\net10.0\ClassifiedAds.Modules.ApiDocumentation.dll
  ClassifiedAds.Modules.Configuration -> C:\Users\ASUS\Desktop\DOAN\BE\GSP26SE43.ModularMonolith\ClassifiedAds.Modules.Configuration\bin\Debug\net10.0\ClassifiedAds.Modules.Configuration.dll
  ClassifiedAds.Modules.Storage -> C:\Users\ASUS\Desktop\DOAN\BE\GSP26SE43.ModularMonolith\ClassifiedAds.Modules.Storage\bin\Debug\net10.0\ClassifiedAds.Modules.Storage.dll
  ClassifiedAds.Modules.Subscription -> C:\Users\ASUS\Desktop\DOAN\BE\GSP26SE43.ModularMonolith\ClassifiedAds.Modules.Subscription\bin\Debug\net10.0\ClassifiedAds.Modules.Subscription.dll
  ClassifiedAds.Modules.Notification -> C:\Users\ASUS\Desktop\DOAN\BE\GSP26SE43.ModularMonolith\ClassifiedAds.Modules.Notification\bin\Debug\net10.0\ClassifiedAds.Modules.Notification.dll
  ClassifiedAds.Modules.LlmAssistant -> C:\Users\ASUS\Desktop\DOAN\BE\GSP26SE43.ModularMonolith\ClassifiedAds.Modules.LlmAssistant\bin\Debug\net10.0\ClassifiedAds.Modules.LlmAssistant.dll
  ClassifiedAds.WebAPI -> C:\Users\ASUS\Desktop\DOAN\BE\GSP26SE43.ModularMonolith\ClassifiedAds.WebAPI\bin\Debug\net10.0\ClassifiedAds.WebAPI.dll
C:\Users\ASUS\Desktop\DOAN\BE\GSP26SE43.ModularMonolith\ClassifiedAds.UnitTests\TestExecution\ExecutionEnvironmentRuntimeResolverTests.cs(278,28): warning CS8625: Cannot convert null literal to non-nullable reference type. [C:\Users\ASUS\Desktop\DOAN\BE\GSP26SE43.ModularMonolith\ClassifiedAds.UnitTests\ClassifiedAds.UnitTests.csproj]
C:\Users\ASUS\Desktop\DOAN\BE\GSP26SE43.ModularMonolith\ClassifiedAds.UnitTests\TestExecution\ExecutionEnvironmentRuntimeResolverTests.cs(279,26): warning CS8625: Cannot convert null literal to non-nullable reference type. [C:\Users\ASUS\Desktop\DOAN\BE\GSP26SE43.ModularMonolith\ClassifiedAds.UnitTests\ClassifiedAds.UnitTests.csproj]
C:\Users\ASUS\Desktop\DOAN\BE\GSP26SE43.ModularMonolith\ClassifiedAds.UnitTests\TestExecution\HttpTestExecutorTests.cs(365,23): warning CS8625: Cannot convert null literal to non-nullable reference type. [C:\Users\ASUS\Desktop\DOAN\BE\GSP26SE43.ModularMonolith\ClassifiedAds.UnitTests\ClassifiedAds.UnitTests.csproj]
C:\Users\ASUS\Desktop\DOAN\BE\GSP26SE43.ModularMonolith\ClassifiedAds.UnitTests\TestExecution\HttpTestExecutorTests.cs(366,27): warning CS8625: Cannot convert null literal to non-nullable reference type. [C:\Users\ASUS\Desktop\DOAN\BE\GSP26SE43.ModularMonolith\ClassifiedAds.UnitTests\ClassifiedAds.UnitTests.csproj]
C:\Users\ASUS\Desktop\DOAN\BE\GSP26SE43.ModularMonolith\ClassifiedAds.UnitTests\TestExecution\HttpTestExecutorTests.cs(400,44): warning CS8625: Cannot convert null literal to non-nullable reference type. [C:\Users\ASUS\Desktop\DOAN\BE\GSP26SE43.ModularMonolith\ClassifiedAds.UnitTests\ClassifiedAds.UnitTests.csproj]
C:\Users\ASUS\Desktop\DOAN\BE\GSP26SE43.ModularMonolith\ClassifiedAds.UnitTests\TestExecution\HttpTestExecutorTests.cs(401,49): warning CS8625: Cannot convert null literal to non-nullable reference type. [C:\Users\ASUS\Desktop\DOAN\BE\GSP26SE43.ModularMonolith\ClassifiedAds.UnitTests\ClassifiedAds.UnitTests.csproj]
C:\Users\ASUS\Desktop\DOAN\BE\GSP26SE43.ModularMonolith\ClassifiedAds.UnitTests\TestExecution\HttpTestExecutorTests.cs(402,35): warning CS8625: Cannot convert null literal to non-nullable reference type. [C:\Users\ASUS\Desktop\DOAN\BE\GSP26SE43.ModularMonolith\ClassifiedAds.UnitTests\ClassifiedAds.UnitTests.csproj]
C:\Users\ASUS\Desktop\DOAN\BE\GSP26SE43.ModularMonolith\ClassifiedAds.UnitTests\ApiDocumentation\DeleteEndpointCommandHandlerTests.cs(89,27): warning CS8600: Converting null literal or possible null value to non-nullable type. [C:\Users\ASUS\Desktop\DOAN\BE\GSP26SE43.ModularMonolith\ClassifiedAds.UnitTests\ClassifiedAds.UnitTests.csproj]
C:\Users\ASUS\Desktop\DOAN\BE\GSP26SE43.ModularMonolith\ClassifiedAds.UnitTests\ApiDocumentation\DeleteEndpointCommandHandlerTests.cs(88,9): warning CS8620: Argument of type 'ISetup<IRepository<Project, Guid>, Task<Project>>' cannot be used for parameter 'mock' of type 'IReturns<IRepository<Project, Guid>, Task<Project?>>' in 'IReturnsResult<IRepository<Project, Guid>> ReturnsExtensions.ReturnsAsync<IRepository<Project, Guid>, Project?>(IReturns<IRepository<Project, Guid>, Task<Project?>> mock, Project? value)' due to differences in the nullability of reference types. [C:\Users\ASUS\Desktop\DOAN\BE\GSP26SE43.ModularMonolith\ClassifiedAds.UnitTests\ClassifiedAds.UnitTests.csproj]
C:\Users\ASUS\Desktop\DOAN\BE\GSP26SE43.ModularMonolith\ClassifiedAds.UnitTests\Subscription\UpsertUsageTrackingCommandHandlerTests.cs(37,27): warning CS8600: Converting null literal or possible null value to non-nullable type. [C:\Users\ASUS\Desktop\DOAN\BE\GSP26SE43.ModularMonolith\ClassifiedAds.UnitTests\ClassifiedAds.UnitTests.csproj]
C:\Users\ASUS\Desktop\DOAN\BE\GSP26SE43.ModularMonolith\ClassifiedAds.UnitTests\Subscription\UpsertUsageTrackingCommandHandlerTests.cs(36,9): warning CS8620: Argument of type 'ISetup<IRepository<UsageTracking, Guid>, Task<UsageTracking>>' cannot be used for parameter 'mock' of type 'IReturns<IRepository<UsageTracking, Guid>, Task<UsageTracking?>>' in 'IReturnsResult<IRepository<UsageTracking, Guid>> ReturnsExtensions.ReturnsAsync<IRepository<UsageTracking, Guid>, UsageTracking?>(IReturns<IRepository<UsageTracking, Guid>, Task<UsageTracking?>> mock, UsageTracking? value)' due to differences in the nullability of reference types. [C:\Users\ASUS\Desktop\DOAN\BE\GSP26SE43.ModularMonolith\ClassifiedAds.UnitTests\ClassifiedAds.UnitTests.csproj]
C:\Users\ASUS\Desktop\DOAN\BE\GSP26SE43.ModularMonolith\ClassifiedAds.UnitTests\TestExecution\AddUpdateExecutionEnvironmentCommandHandlerTests.cs(36,22): warning CS8600: Converting null literal or possible null value to non-nullable type. [C:\Users\ASUS\Desktop\DOAN\BE\GSP26SE43.ModularMonolith\ClassifiedAds.UnitTests\ClassifiedAds.UnitTests.csproj]
C:\Users\ASUS\Desktop\DOAN\BE\GSP26SE43.ModularMonolith\ClassifiedAds.UnitTests\TestExecution\AddUpdateExecutionEnvironmentCommandHandlerTests.cs(36,22): warning CS8625: Cannot convert null literal to non-nullable reference type. [C:\Users\ASUS\Desktop\DOAN\BE\GSP26SE43.ModularMonolith\ClassifiedAds.UnitTests\ClassifiedAds.UnitTests.csproj]
C:\Users\ASUS\Desktop\DOAN\BE\GSP26SE43.ModularMonolith\ClassifiedAds.UnitTests\TestExecution\AddUpdateExecutionEnvironmentCommandHandlerTests.cs(38,22): warning CS8600: Converting null literal or possible null value to non-nullable type. [C:\Users\ASUS\Desktop\DOAN\BE\GSP26SE43.ModularMonolith\ClassifiedAds.UnitTests\ClassifiedAds.UnitTests.csproj]
C:\Users\ASUS\Desktop\DOAN\BE\GSP26SE43.ModularMonolith\ClassifiedAds.UnitTests\TestExecution\AddUpdateExecutionEnvironmentCommandHandlerTests.cs(38,22): warning CS8625: Cannot convert null literal to non-nullable reference type. [C:\Users\ASUS\Desktop\DOAN\BE\GSP26SE43.ModularMonolith\ClassifiedAds.UnitTests\ClassifiedAds.UnitTests.csproj]
C:\Users\ASUS\Desktop\DOAN\BE\GSP26SE43.ModularMonolith\ClassifiedAds.UnitTests\TestExecution\AddUpdateExecutionEnvironmentCommandHandlerTests.cs(40,22): warning CS8600: Converting null literal or possible null value to non-nullable type. [C:\Users\ASUS\Desktop\DOAN\BE\GSP26SE43.ModularMonolith\ClassifiedAds.UnitTests\ClassifiedAds.UnitTests.csproj]
C:\Users\ASUS\Desktop\DOAN\BE\GSP26SE43.ModularMonolith\ClassifiedAds.UnitTests\TestExecution\AddUpdateExecutionEnvironmentCommandHandlerTests.cs(40,22): warning CS8625: Cannot convert null literal to non-nullable reference type. [C:\Users\ASUS\Desktop\DOAN\BE\GSP26SE43.ModularMonolith\ClassifiedAds.UnitTests\ClassifiedAds.UnitTests.csproj]
C:\Users\ASUS\Desktop\DOAN\BE\GSP26SE43.ModularMonolith\ClassifiedAds.UnitTests\ApiDocumentation\ProjectQueryHandlerTests.cs(190,9): warning CS8620: Argument of type 'ISetup<IRepository<Project, Guid>, Task<Project>>' cannot be used for parameter 'mock' of type 'IReturns<IRepository<Project, Guid>, Task<Project?>>' in 'IReturnsResult<IRepository<Project, Guid>> GeneratedReturnsExtensions.ReturnsAsync<IQueryable<Project>, IRepository<Project, Guid>, Project?>(IReturns<IRepository<Project, Guid>, Task<Project?>> mock, Func<IQueryable<Project>, Project?> valueFunction)' due to differences in the nullability of reference types. [C:\Users\ASUS\Desktop\DOAN\BE\GSP26SE43.ModularMonolith\ClassifiedAds.UnitTests\ClassifiedAds.UnitTests.csproj]
C:\Users\ASUS\Desktop\DOAN\BE\GSP26SE43.ModularMonolith\ClassifiedAds.UnitTests\ApiDocumentation\DeleteEndpointCommandHandlerTests.cs(137,27): warning CS8600: Converting null literal or possible null value to non-nullable type. [C:\Users\ASUS\Desktop\DOAN\BE\GSP26SE43.ModularMonolith\ClassifiedAds.UnitTests\ClassifiedAds.UnitTests.csproj]
C:\Users\ASUS\Desktop\DOAN\BE\GSP26SE43.ModularMonolith\ClassifiedAds.UnitTests\ApiDocumentation\DeleteEndpointCommandHandlerTests.cs(136,9): warning CS8620: Argument of type 'ISetup<IRepository<ApiSpecification, Guid>, Task<ApiSpecification>>' cannot be used for parameter 'mock' of type 'IReturns<IRepository<ApiSpecification, Guid>, Task<ApiSpecification?>>' in 'IReturnsResult<IRepository<ApiSpecification, Guid>> ReturnsExtensions.ReturnsAsync<IRepository<ApiSpecification, Guid>, ApiSpecification?>(IReturns<IRepository<ApiSpecification, Guid>, Task<ApiSpecification?>> mock, ApiSpecification? value)' due to differences in the nullability of reference types. [C:\Users\ASUS\Desktop\DOAN\BE\GSP26SE43.ModularMonolith\ClassifiedAds.UnitTests\ClassifiedAds.UnitTests.csproj]
C:\Users\ASUS\Desktop\DOAN\BE\GSP26SE43.ModularMonolith\ClassifiedAds.UnitTests\ApiDocumentation\ProjectQueryHandlerTests.cs(198,9): warning CS8620: Argument of type 'ISetup<IRepository<ApiSpecification, Guid>, Task<ApiSpecification>>' cannot be used for parameter 'mock' of type 'IReturns<IRepository<ApiSpecification, Guid>, Task<ApiSpecification?>>' in 'IReturnsResult<IRepository<ApiSpecification, Guid>> GeneratedReturnsExtensions.ReturnsAsync<IQueryable<ApiSpecification>, IRepository<ApiSpecification, Guid>, ApiSpecification?>(IReturns<IRepository<ApiSpecification, Guid>, Task<ApiSpecification?>> mock, Func<IQueryable<ApiSpecification>, ApiSpecification?> valueFunction)' due to differences in the nullability of reference types. [C:\Users\ASUS\Desktop\DOAN\BE\GSP26SE43.ModularMonolith\ClassifiedAds.UnitTests\ClassifiedAds.UnitTests.csproj]
C:\Users\ASUS\Desktop\DOAN\BE\GSP26SE43.ModularMonolith\ClassifiedAds.UnitTests\TestExecution\DeleteExecutionEnvironmentCommandHandlerTests.cs(119,27): warning CS8600: Converting null literal or possible null value to non-nullable type. [C:\Users\ASUS\Desktop\DOAN\BE\GSP26SE43.ModularMonolith\ClassifiedAds.UnitTests\ClassifiedAds.UnitTests.csproj]
C:\Users\ASUS\Desktop\DOAN\BE\GSP26SE43.ModularMonolith\ClassifiedAds.UnitTests\TestExecution\DeleteExecutionEnvironmentCommandHandlerTests.cs(118,9): warning CS8620: Argument of type 'ISetup<IRepository<ExecutionEnvironment, Guid>, Task<ExecutionEnvironment>>' cannot be used for parameter 'mock' of type 'IReturns<IRepository<ExecutionEnvironment, Guid>, Task<ExecutionEnvironment?>>' in 'IReturnsResult<IRepository<ExecutionEnvironment, Guid>> ReturnsExtensions.ReturnsAsync<IRepository<ExecutionEnvironment, Guid>, ExecutionEnvironment?>(IReturns<IRepository<ExecutionEnvironment, Guid>, Task<ExecutionEnvironment?>> mock, ExecutionEnvironment? value)' due to differences in the nullability of reference types. [C:\Users\ASUS\Desktop\DOAN\BE\GSP26SE43.ModularMonolith\ClassifiedAds.UnitTests\ClassifiedAds.UnitTests.csproj]
C:\Users\ASUS\Desktop\DOAN\BE\GSP26SE43.ModularMonolith\ClassifiedAds.UnitTests\ApiDocumentation\ParseUploadedSpecificationCommandHandlerTests.cs(158,27): warning CS8600: Converting null literal or possible null value to non-nullable type. [C:\Users\ASUS\Desktop\DOAN\BE\GSP26SE43.ModularMonolith\ClassifiedAds.UnitTests\ClassifiedAds.UnitTests.csproj]
C:\Users\ASUS\Desktop\DOAN\BE\GSP26SE43.ModularMonolith\ClassifiedAds.UnitTests\ApiDocumentation\ParseUploadedSpecificationCommandHandlerTests.cs(157,9): warning CS8620: Argument of type 'ISetup<IRepository<ApiSpecification, Guid>, Task<ApiSpecification>>' cannot be used for parameter 'mock' of type 'IReturns<IRepository<ApiSpecification, Guid>, Task<ApiSpecification?>>' in 'IReturnsResult<IRepository<ApiSpecification, Guid>> ReturnsExtensions.ReturnsAsync<IRepository<ApiSpecification, Guid>, ApiSpecification?>(IReturns<IRepository<ApiSpecification, Guid>, Task<ApiSpecification?>> mock, ApiSpecification? value)' due to differences in the nullability of reference types. [C:\Users\ASUS\Desktop\DOAN\BE\GSP26SE43.ModularMonolith\ClassifiedAds.UnitTests\ClassifiedAds.UnitTests.csproj]
C:\Users\ASUS\Desktop\DOAN\BE\GSP26SE43.ModularMonolith\ClassifiedAds.UnitTests\ApiDocumentation\ApiEndpointMetadataServiceTests.cs(43,9): warning CS8620: Argument of type 'ISetup<IRepository<ApiSpecification, Guid>, Task<ApiSpecification>>' cannot be used for parameter 'mock' of type 'IReturns<IRepository<ApiSpecification, Guid>, Task<ApiSpecification?>>' in 'IReturnsResult<IRepository<ApiSpecification, Guid>> GeneratedReturnsExtensions.ReturnsAsync<IQueryable<ApiSpecification>, IRepository<ApiSpecification, Guid>, ApiSpecification?>(IReturns<IRepository<ApiSpecification, Guid>, Task<ApiSpecification?>> mock, Func<IQueryable<ApiSpecification>, ApiSpecification?> valueFunction)' due to differences in the nullability of reference types. [C:\Users\ASUS\Desktop\DOAN\BE\GSP26SE43.ModularMonolith\ClassifiedAds.UnitTests\ClassifiedAds.UnitTests.csproj]
C:\Users\ASUS\Desktop\DOAN\BE\GSP26SE43.ModularMonolith\ClassifiedAds.UnitTests\ApiDocumentation\ProjectQueryHandlerTests.cs(206,9): warning CS8620: Argument of type 'ISetup<IRepository<ApiEndpoint, Guid>, Task<ApiEndpoint>>' cannot be used for parameter 'mock' of type 'IReturns<IRepository<ApiEndpoint, Guid>, Task<ApiEndpoint?>>' in 'IReturnsResult<IRepository<ApiEndpoint, Guid>> GeneratedReturnsExtensions.ReturnsAsync<IQueryable<ApiEndpoint>, IRepository<ApiEndpoint, Guid>, ApiEndpoint?>(IReturns<IRepository<ApiEndpoint, Guid>, Task<ApiEndpoint?>> mock, Func<IQueryable<ApiEndpoint>, ApiEndpoint?> valueFunction)' due to differences in the nullability of reference types. [C:\Users\ASUS\Desktop\DOAN\BE\GSP26SE43.ModularMonolith\ClassifiedAds.UnitTests\ClassifiedAds.UnitTests.csproj]
C:\Users\ASUS\Desktop\DOAN\BE\GSP26SE43.ModularMonolith\ClassifiedAds.UnitTests\ApiDocumentation\PathParameterQueryHandlerTests.cs(230,9): warning CS8620: Argument of type 'ISetup<IRepository<Project, Guid>, Task<Project>>' cannot be used for parameter 'mock' of type 'IReturns<IRepository<Project, Guid>, Task<Project?>>' in 'IReturnsResult<IRepository<Project, Guid>> GeneratedReturnsExtensions.ReturnsAsync<IQueryable<Project>, IRepository<Project, Guid>, Project?>(IReturns<IRepository<Project, Guid>, Task<Project?>> mock, Func<IQueryable<Project>, Project?> valueFunction)' due to differences in the nullability of reference types. [C:\Users\ASUS\Desktop\DOAN\BE\GSP26SE43.ModularMonolith\ClassifiedAds.UnitTests\ClassifiedAds.UnitTests.csproj]
C:\Users\ASUS\Desktop\DOAN\BE\GSP26SE43.ModularMonolith\ClassifiedAds.UnitTests\ApiDocumentation\PathParameterQueryHandlerTests.cs(234,9): warning CS8620: Argument of type 'ISetup<IRepository<ApiSpecification, Guid>, Task<ApiSpecification>>' cannot be used for parameter 'mock' of type 'IReturns<IRepository<ApiSpecification, Guid>, Task<ApiSpecification?>>' in 'IReturnsResult<IRepository<ApiSpecification, Guid>> GeneratedReturnsExtensions.ReturnsAsync<IQueryable<ApiSpecification>, IRepository<ApiSpecification, Guid>, ApiSpecification?>(IReturns<IRepository<ApiSpecification, Guid>, Task<ApiSpecification?>> mock, Func<IQueryable<ApiSpecification>, ApiSpecification?> valueFunction)' due to differences in the nullability of reference types. [C:\Users\ASUS\Desktop\DOAN\BE\GSP26SE43.ModularMonolith\ClassifiedAds.UnitTests\ClassifiedAds.UnitTests.csproj]
C:\Users\ASUS\Desktop\DOAN\BE\GSP26SE43.ModularMonolith\ClassifiedAds.UnitTests\ApiDocumentation\PathParameterQueryHandlerTests.cs(238,9): warning CS8620: Argument of type 'ISetup<IRepository<ApiEndpoint, Guid>, Task<ApiEndpoint>>' cannot be used for parameter 'mock' of type 'IReturns<IRepository<ApiEndpoint, Guid>, Task<ApiEndpoint?>>' in 'IReturnsResult<IRepository<ApiEndpoint, Guid>> GeneratedReturnsExtensions.ReturnsAsync<IQueryable<ApiEndpoint>, IRepository<ApiEndpoint, Guid>, ApiEndpoint?>(IReturns<IRepository<ApiEndpoint, Guid>, Task<ApiEndpoint?>> mock, Func<IQueryable<ApiEndpoint>, ApiEndpoint?> valueFunction)' due to differences in the nullability of reference types. [C:\Users\ASUS\Desktop\DOAN\BE\GSP26SE43.ModularMonolith\ClassifiedAds.UnitTests\ClassifiedAds.UnitTests.csproj]
C:\Users\ASUS\Desktop\DOAN\BE\GSP26SE43.ModularMonolith\ClassifiedAds.UnitTests\ApiDocumentation\DeleteEndpointCommandHandlerTests.cs(166,27): warning CS8600: Converting null literal or possible null value to non-nullable type. [C:\Users\ASUS\Desktop\DOAN\BE\GSP26SE43.ModularMonolith\ClassifiedAds.UnitTests\ClassifiedAds.UnitTests.csproj]
C:\Users\ASUS\Desktop\DOAN\BE\GSP26SE43.ModularMonolith\ClassifiedAds.UnitTests\ApiDocumentation\DeleteEndpointCommandHandlerTests.cs(165,9): warning CS8620: Argument of type 'ISetup<IRepository<ApiEndpoint, Guid>, Task<ApiEndpoint>>' cannot be used for parameter 'mock' of type 'IReturns<IRepository<ApiEndpoint, Guid>, Task<ApiEndpoint?>>' in 'IReturnsResult<IRepository<ApiEndpoint, Guid>> ReturnsExtensions.ReturnsAsync<IRepository<ApiEndpoint, Guid>, ApiEndpoint?>(IReturns<IRepository<ApiEndpoint, Guid>, Task<ApiEndpoint?>> mock, ApiEndpoint? value)' due to differences in the nullability of reference types. [C:\Users\ASUS\Desktop\DOAN\BE\GSP26SE43.ModularMonolith\ClassifiedAds.UnitTests\ClassifiedAds.UnitTests.csproj]
C:\Users\ASUS\Desktop\DOAN\BE\GSP26SE43.ModularMonolith\ClassifiedAds.UnitTests\TestExecution\AddUpdateExecutionEnvironmentCommandHandlerTests.cs(215,27): warning CS8600: Converting null literal or possible null value to non-nullable type. [C:\Users\ASUS\Desktop\DOAN\BE\GSP26SE43.ModularMonolith\ClassifiedAds.UnitTests\ClassifiedAds.UnitTests.csproj]
C:\Users\ASUS\Desktop\DOAN\BE\GSP26SE43.ModularMonolith\ClassifiedAds.UnitTests\TestExecution\AddUpdateExecutionEnvironmentCommandHandlerTests.cs(214,9): warning CS8620: Argument of type 'ISetup<IRepository<ExecutionEnvironment, Guid>, Task<ExecutionEnvironment>>' cannot be used for parameter 'mock' of type 'IReturns<IRepository<ExecutionEnvironment, Guid>, Task<ExecutionEnvironment?>>' in 'IReturnsResult<IRepository<ExecutionEnvironment, Guid>> ReturnsExtensions.ReturnsAsync<IRepository<ExecutionEnvironment, Guid>, ExecutionEnvironment?>(IReturns<IRepository<ExecutionEnvironment, Guid>, Task<ExecutionEnvironment?>> mock, ExecutionEnvironment? value)' due to differences in the nullability of reference types. [C:\Users\ASUS\Desktop\DOAN\BE\GSP26SE43.ModularMonolith\ClassifiedAds.UnitTests\ClassifiedAds.UnitTests.csproj]
C:\Users\ASUS\Desktop\DOAN\BE\GSP26SE43.ModularMonolith\ClassifiedAds.UnitTests\ApiDocumentation\ImportCurlCommandHandlerTests.cs(371,27): warning CS8600: Converting null literal or possible null value to non-nullable type. [C:\Users\ASUS\Desktop\DOAN\BE\GSP26SE43.ModularMonolith\ClassifiedAds.UnitTests\ClassifiedAds.UnitTests.csproj]
C:\Users\ASUS\Desktop\DOAN\BE\GSP26SE43.ModularMonolith\ClassifiedAds.UnitTests\ApiDocumentation\ImportCurlCommandHandlerTests.cs(370,9): warning CS8620: Argument of type 'ISetup<IRepository<Project, Guid>, Task<Project>>' cannot be used for parameter 'mock' of type 'IReturns<IRepository<Project, Guid>, Task<Project?>>' in 'IReturnsResult<IRepository<Project, Guid>> ReturnsExtensions.ReturnsAsync<IRepository<Project, Guid>, Project?>(IReturns<IRepository<Project, Guid>, Task<Project?>> mock, Project? value)' due to differences in the nullability of reference types. [C:\Users\ASUS\Desktop\DOAN\BE\GSP26SE43.ModularMonolith\ClassifiedAds.UnitTests\ClassifiedAds.UnitTests.csproj]
C:\Users\ASUS\Desktop\DOAN\BE\GSP26SE43.ModularMonolith\ClassifiedAds.UnitTests\LlmAssistant\GetFailureExplanationQueryHandlerTests.cs(44,27): warning CS8600: Converting null literal or possible null value to non-nullable type. [C:\Users\ASUS\Desktop\DOAN\BE\GSP26SE43.ModularMonolith\ClassifiedAds.UnitTests\ClassifiedAds.UnitTests.csproj]
C:\Users\ASUS\Desktop\DOAN\BE\GSP26SE43.ModularMonolith\ClassifiedAds.UnitTests\ApiDocumentation\AddUpdateEndpointCommandHandlerTests.cs(398,27): warning CS8600: Converting null literal or possible null value to non-nullable type. [C:\Users\ASUS\Desktop\DOAN\BE\GSP26SE43.ModularMonolith\ClassifiedAds.UnitTests\ClassifiedAds.UnitTests.csproj]
C:\Users\ASUS\Desktop\DOAN\BE\GSP26SE43.ModularMonolith\ClassifiedAds.UnitTests\ApiDocumentation\AddUpdateEndpointCommandHandlerTests.cs(397,9): warning CS8620: Argument of type 'ISetup<IRepository<Project, Guid>, Task<Project>>' cannot be used for parameter 'mock' of type 'IReturns<IRepository<Project, Guid>, Task<Project?>>' in 'IReturnsResult<IRepository<Project, Guid>> ReturnsExtensions.ReturnsAsync<IRepository<Project, Guid>, Project?>(IReturns<IRepository<Project, Guid>, Task<Project?>> mock, Project? value)' due to differences in the nullability of reference types. [C:\Users\ASUS\Desktop\DOAN\BE\GSP26SE43.ModularMonolith\ClassifiedAds.UnitTests\ClassifiedAds.UnitTests.csproj]
C:\Users\ASUS\Desktop\DOAN\BE\GSP26SE43.ModularMonolith\ClassifiedAds.UnitTests\TestReporting\TestReportGeneratorTests.cs(37,38): warning CS8600: Converting null literal or possible null value to non-nullable type. [C:\Users\ASUS\Desktop\DOAN\BE\GSP26SE43.ModularMonolith\ClassifiedAds.UnitTests\ClassifiedAds.UnitTests.csproj]
C:\Users\ASUS\Desktop\DOAN\BE\GSP26SE43.ModularMonolith\ClassifiedAds.UnitTests\TestReporting\TestReportGeneratorTests.cs(50,9): warning CS8620: Argument of type 'ISetup<IRepository<CoverageMetric, Guid>, Task<CoverageMetric>>' cannot be used for parameter 'mock' of type 'IReturns<IRepository<CoverageMetric, Guid>, Task<CoverageMetric?>>' in 'IReturnsResult<IRepository<CoverageMetric, Guid>> GeneratedReturnsExtensions.ReturnsAsync<IQueryable<CoverageMetric>, IRepository<CoverageMetric, Guid>, CoverageMetric?>(IReturns<IRepository<CoverageMetric, Guid>, Task<CoverageMetric?>> mock, Func<IQueryable<CoverageMetric>, CoverageMetric?> valueFunction)' due to differences in the nullability of reference types. [C:\Users\ASUS\Desktop\DOAN\BE\GSP26SE43.ModularMonolith\ClassifiedAds.UnitTests\ClassifiedAds.UnitTests.csproj]
C:\Users\ASUS\Desktop\DOAN\BE\GSP26SE43.ModularMonolith\ClassifiedAds.UnitTests\ApiDocumentation\AddUpdateEndpointCommandHandlerTests.cs(446,27): warning CS8600: Converting null literal or possible null value to non-nullable type. [C:\Users\ASUS\Desktop\DOAN\BE\GSP26SE43.ModularMonolith\ClassifiedAds.UnitTests\ClassifiedAds.UnitTests.csproj]
C:\Users\ASUS\Desktop\DOAN\BE\GSP26SE43.ModularMonolith\ClassifiedAds.UnitTests\ApiDocumentation\AddUpdateEndpointCommandHandlerTests.cs(445,9): warning CS8620: Argument of type 'ISetup<IRepository<ApiSpecification, Guid>, Task<ApiSpecification>>' cannot be used for parameter 'mock' of type 'IReturns<IRepository<ApiSpecification, Guid>, Task<ApiSpecification?>>' in 'IReturnsResult<IRepository<ApiSpecification, Guid>> ReturnsExtensions.ReturnsAsync<IRepository<ApiSpecification, Guid>, ApiSpecification?>(IReturns<IRepository<ApiSpecification, Guid>, Task<ApiSpecification?>> mock, ApiSpecification? value)' due to differences in the nullability of reference types. [C:\Users\ASUS\Desktop\DOAN\BE\GSP26SE43.ModularMonolith\ClassifiedAds.UnitTests\ClassifiedAds.UnitTests.csproj]
C:\Users\ASUS\Desktop\DOAN\BE\GSP26SE43.ModularMonolith\ClassifiedAds.UnitTests\Subscription\PlanQueryHandlerTests.cs(82,27): warning CS8600: Converting null literal or possible null value to non-nullable type. [C:\Users\ASUS\Desktop\DOAN\BE\GSP26SE43.ModularMonolith\ClassifiedAds.UnitTests\ClassifiedAds.UnitTests.csproj]
C:\Users\ASUS\Desktop\DOAN\BE\GSP26SE43.ModularMonolith\ClassifiedAds.UnitTests\Subscription\PlanQueryHandlerTests.cs(81,9): warning CS8620: Argument of type 'ISetup<IRepository<SubscriptionPlan, Guid>, Task<SubscriptionPlan>>' cannot be used for parameter 'mock' of type 'IReturns<IRepository<SubscriptionPlan, Guid>, Task<SubscriptionPlan?>>' in 'IReturnsResult<IRepository<SubscriptionPlan, Guid>> ReturnsExtensions.ReturnsAsync<IRepository<SubscriptionPlan, Guid>, SubscriptionPlan?>(IReturns<IRepository<SubscriptionPlan, Guid>, Task<SubscriptionPlan?>> mock, SubscriptionPlan? value)' due to differences in the nullability of reference types. [C:\Users\ASUS\Desktop\DOAN\BE\GSP26SE43.ModularMonolith\ClassifiedAds.UnitTests\ClassifiedAds.UnitTests.csproj]
C:\Users\ASUS\Desktop\DOAN\BE\GSP26SE43.ModularMonolith\ClassifiedAds.UnitTests\Subscription\PlanQueryHandlerTests.cs(102,27): warning CS8600: Converting null literal or possible null value to non-nullable type. [C:\Users\ASUS\Desktop\DOAN\BE\GSP26SE43.ModularMonolith\ClassifiedAds.UnitTests\ClassifiedAds.UnitTests.csproj]
C:\Users\ASUS\Desktop\DOAN\BE\GSP26SE43.ModularMonolith\ClassifiedAds.UnitTests\Subscription\PlanQueryHandlerTests.cs(101,9): warning CS8620: Argument of type 'ISetup<IRepository<SubscriptionPlan, Guid>, Task<SubscriptionPlan>>' cannot be used for parameter 'mock' of type 'IReturns<IRepository<SubscriptionPlan, Guid>, Task<SubscriptionPlan?>>' in 'IReturnsResult<IRepository<SubscriptionPlan, Guid>> ReturnsExtensions.ReturnsAsync<IRepository<SubscriptionPlan, Guid>, SubscriptionPlan?>(IReturns<IRepository<SubscriptionPlan, Guid>, Task<SubscriptionPlan?>> mock, SubscriptionPlan? value)' due to differences in the nullability of reference types. [C:\Users\ASUS\Desktop\DOAN\BE\GSP26SE43.ModularMonolith\ClassifiedAds.UnitTests\ClassifiedAds.UnitTests.csproj]
C:\Users\ASUS\Desktop\DOAN\BE\GSP26SE43.ModularMonolith\ClassifiedAds.UnitTests\ApiDocumentation\CreateManualSpecificationCommandHandlerTests.cs(481,27): warning CS8600: Converting null literal or possible null value to non-nullable type. [C:\Users\ASUS\Desktop\DOAN\BE\GSP26SE43.ModularMonolith\ClassifiedAds.UnitTests\ClassifiedAds.UnitTests.csproj]
C:\Users\ASUS\Desktop\DOAN\BE\GSP26SE43.ModularMonolith\ClassifiedAds.UnitTests\ApiDocumentation\CreateManualSpecificationCommandHandlerTests.cs(480,9): warning CS8620: Argument of type 'ISetup<IRepository<Project, Guid>, Task<Project>>' cannot be used for parameter 'mock' of type 'IReturns<IRepository<Project, Guid>, Task<Project?>>' in 'IReturnsResult<IRepository<Project, Guid>> ReturnsExtensions.ReturnsAsync<IRepository<Project, Guid>, Project?>(IReturns<IRepository<Project, Guid>, Task<Project?>> mock, Project? value)' due to differences in the nullability of reference types. [C:\Users\ASUS\Desktop\DOAN\BE\GSP26SE43.ModularMonolith\ClassifiedAds.UnitTests\ClassifiedAds.UnitTests.csproj]
C:\Users\ASUS\Desktop\DOAN\BE\GSP26SE43.ModularMonolith\ClassifiedAds.UnitTests\Subscription\PlanMappingTests.cs(63,35): warning CS8600: Converting null literal or possible null value to non-nullable type. [C:\Users\ASUS\Desktop\DOAN\BE\GSP26SE43.ModularMonolith\ClassifiedAds.UnitTests\ClassifiedAds.UnitTests.csproj]
C:\Users\ASUS\Desktop\DOAN\BE\GSP26SE43.ModularMonolith\ClassifiedAds.UnitTests\ApiDocumentation\AddUpdateEndpointCommandHandlerTests.cs(545,27): warning CS8600: Converting null literal or possible null value to non-nullable type. [C:\Users\ASUS\Desktop\DOAN\BE\GSP26SE43.ModularMonolith\ClassifiedAds.UnitTests\ClassifiedAds.UnitTests.csproj]
C:\Users\ASUS\Desktop\DOAN\BE\GSP26SE43.ModularMonolith\ClassifiedAds.UnitTests\ApiDocumentation\AddUpdateEndpointCommandHandlerTests.cs(544,9): warning CS8620: Argument of type 'ISetup<IRepository<ApiEndpoint, Guid>, Task<ApiEndpoint>>' cannot be used for parameter 'mock' of type 'IReturns<IRepository<ApiEndpoint, Guid>, Task<ApiEndpoint?>>' in 'IReturnsResult<IRepository<ApiEndpoint, Guid>> ReturnsExtensions.ReturnsAsync<IRepository<ApiEndpoint, Guid>, ApiEndpoint?>(IReturns<IRepository<ApiEndpoint, Guid>, Task<ApiEndpoint?>> mock, ApiEndpoint? value)' due to differences in the nullability of reference types. [C:\Users\ASUS\Desktop\DOAN\BE\GSP26SE43.ModularMonolith\ClassifiedAds.UnitTests\ClassifiedAds.UnitTests.csproj]
C:\Users\ASUS\Desktop\DOAN\BE\GSP26SE43.ModularMonolith\ClassifiedAds.UnitTests\Subscription\PlanMappingTests.cs(160,27): warning CS8600: Converting null literal or possible null value to non-nullable type. [C:\Users\ASUS\Desktop\DOAN\BE\GSP26SE43.ModularMonolith\ClassifiedAds.UnitTests\ClassifiedAds.UnitTests.csproj]
C:\Users\ASUS\Desktop\DOAN\BE\GSP26SE43.ModularMonolith\ClassifiedAds.UnitTests\TestReporting\TestReportGeneratorTests.cs(147,44): warning CS8600: Converting null literal or possible null value to non-nullable type. [C:\Users\ASUS\Desktop\DOAN\BE\GSP26SE43.ModularMonolith\ClassifiedAds.UnitTests\ClassifiedAds.UnitTests.csproj]
C:\Users\ASUS\Desktop\DOAN\BE\GSP26SE43.ModularMonolith\ClassifiedAds.UnitTests\TestReporting\TestReportGeneratorTests.cs(161,27): warning CS8600: Converting null literal or possible null value to non-nullable type. [C:\Users\ASUS\Desktop\DOAN\BE\GSP26SE43.ModularMonolith\ClassifiedAds.UnitTests\ClassifiedAds.UnitTests.csproj]
C:\Users\ASUS\Desktop\DOAN\BE\GSP26SE43.ModularMonolith\ClassifiedAds.UnitTests\TestReporting\TestReportGeneratorTests.cs(160,9): warning CS8620: Argument of type 'ISetup<IRepository<CoverageMetric, Guid>, Task<CoverageMetric>>' cannot be used for parameter 'mock' of type 'IReturns<IRepository<CoverageMetric, Guid>, Task<CoverageMetric?>>' in 'IReturnsResult<IRepository<CoverageMetric, Guid>> ReturnsExtensions.ReturnsAsync<IRepository<CoverageMetric, Guid>, CoverageMetric?>(IReturns<IRepository<CoverageMetric, Guid>, Task<CoverageMetric?>> mock, CoverageMetric? value)' due to differences in the nullability of reference types. [C:\Users\ASUS\Desktop\DOAN\BE\GSP26SE43.ModularMonolith\ClassifiedAds.UnitTests\ClassifiedAds.UnitTests.csproj]
C:\Users\ASUS\Desktop\DOAN\BE\GSP26SE43.ModularMonolith\ClassifiedAds.UnitTests\Subscription\DeletePlanCommandHandlerTests.cs(81,27): warning CS8600: Converting null literal or possible null value to non-nullable type. [C:\Users\ASUS\Desktop\DOAN\BE\GSP26SE43.ModularMonolith\ClassifiedAds.UnitTests\ClassifiedAds.UnitTests.csproj]
C:\Users\ASUS\Desktop\DOAN\BE\GSP26SE43.ModularMonolith\ClassifiedAds.UnitTests\Subscription\DeletePlanCommandHandlerTests.cs(80,9): warning CS8620: Argument of type 'ISetup<IRepository<SubscriptionPlan, Guid>, Task<SubscriptionPlan>>' cannot be used for parameter 'mock' of type 'IReturns<IRepository<SubscriptionPlan, Guid>, Task<SubscriptionPlan?>>' in 'IReturnsResult<IRepository<SubscriptionPlan, Guid>> ReturnsExtensions.ReturnsAsync<IRepository<SubscriptionPlan, Guid>, SubscriptionPlan?>(IReturns<IRepository<SubscriptionPlan, Guid>, Task<SubscriptionPlan?>> mock, SubscriptionPlan? value)' due to differences in the nullability of reference types. [C:\Users\ASUS\Desktop\DOAN\BE\GSP26SE43.ModularMonolith\ClassifiedAds.UnitTests\ClassifiedAds.UnitTests.csproj]
C:\Users\ASUS\Desktop\DOAN\BE\GSP26SE43.ModularMonolith\ClassifiedAds.UnitTests\Subscription\AddUpdateSubscriptionCommandHandlerTests.cs(68,27): warning CS8600: Converting null literal or possible null value to non-nullable type. [C:\Users\ASUS\Desktop\DOAN\BE\GSP26SE43.ModularMonolith\ClassifiedAds.UnitTests\ClassifiedAds.UnitTests.csproj]
C:\Users\ASUS\Desktop\DOAN\BE\GSP26SE43.ModularMonolith\ClassifiedAds.UnitTests\Subscription\AddUpdateSubscriptionCommandHandlerTests.cs(67,9): warning CS8620: Argument of type 'ISetup<IRepository<UserSubscription, Guid>, Task<UserSubscription>>' cannot be used for parameter 'mock' of type 'IReturns<IRepository<UserSubscription, Guid>, Task<UserSubscription?>>' in 'IReturnsResult<IRepository<UserSubscription, Guid>> ReturnsExtensions.ReturnsAsync<IRepository<UserSubscription, Guid>, UserSubscription?>(IReturns<IRepository<UserSubscription, Guid>, Task<UserSubscription?>> mock, UserSubscription? value)' due to differences in the nullability of reference types. [C:\Users\ASUS\Desktop\DOAN\BE\GSP26SE43.ModularMonolith\ClassifiedAds.UnitTests\ClassifiedAds.UnitTests.csproj]
C:\Users\ASUS\Desktop\DOAN\BE\GSP26SE43.ModularMonolith\ClassifiedAds.UnitTests\Subscription\CancelSubscriptionCommandHandlerTests.cs(103,27): warning CS8600: Converting null literal or possible null value to non-nullable type. [C:\Users\ASUS\Desktop\DOAN\BE\GSP26SE43.ModularMonolith\ClassifiedAds.UnitTests\ClassifiedAds.UnitTests.csproj]
C:\Users\ASUS\Desktop\DOAN\BE\GSP26SE43.ModularMonolith\ClassifiedAds.UnitTests\Subscription\CancelSubscriptionCommandHandlerTests.cs(102,9): warning CS8620: Argument of type 'ISetup<IRepository<UserSubscription, Guid>, Task<UserSubscription>>' cannot be used for parameter 'mock' of type 'IReturns<IRepository<UserSubscription, Guid>, Task<UserSubscription?>>' in 'IReturnsResult<IRepository<UserSubscription, Guid>> ReturnsExtensions.ReturnsAsync<IRepository<UserSubscription, Guid>, UserSubscription?>(IReturns<IRepository<UserSubscription, Guid>, Task<UserSubscription?>> mock, UserSubscription? value)' due to differences in the nullability of reference types. [C:\Users\ASUS\Desktop\DOAN\BE\GSP26SE43.ModularMonolith\ClassifiedAds.UnitTests\ClassifiedAds.UnitTests.csproj]
C:\Users\ASUS\Desktop\DOAN\BE\GSP26SE43.ModularMonolith\ClassifiedAds.UnitTests\Subscription\AddUpdatePlanCommandHandlerTests.cs(58,27): warning CS8600: Converting null literal or possible null value to non-nullable type. [C:\Users\ASUS\Desktop\DOAN\BE\GSP26SE43.ModularMonolith\ClassifiedAds.UnitTests\ClassifiedAds.UnitTests.csproj]
C:\Users\ASUS\Desktop\DOAN\BE\GSP26SE43.ModularMonolith\ClassifiedAds.UnitTests\Subscription\AddUpdatePlanCommandHandlerTests.cs(57,9): warning CS8620: Argument of type 'ISetup<IRepository<SubscriptionPlan, Guid>, Task<SubscriptionPlan>>' cannot be used for parameter 'mock' of type 'IReturns<IRepository<SubscriptionPlan, Guid>, Task<SubscriptionPlan?>>' in 'IReturnsResult<IRepository<SubscriptionPlan, Guid>> ReturnsExtensions.ReturnsAsync<IRepository<SubscriptionPlan, Guid>, SubscriptionPlan?>(IReturns<IRepository<SubscriptionPlan, Guid>, Task<SubscriptionPlan?>> mock, SubscriptionPlan? value)' due to differences in the nullability of reference types. [C:\Users\ASUS\Desktop\DOAN\BE\GSP26SE43.ModularMonolith\ClassifiedAds.UnitTests\ClassifiedAds.UnitTests.csproj]
C:\Users\ASUS\Desktop\DOAN\BE\GSP26SE43.ModularMonolith\ClassifiedAds.UnitTests\TestExecution\TestRunReportReadGatewayServiceTests.cs(100,27): warning CS8600: Converting null literal or possible null value to non-nullable type. [C:\Users\ASUS\Desktop\DOAN\BE\GSP26SE43.ModularMonolith\ClassifiedAds.UnitTests\ClassifiedAds.UnitTests.csproj]
C:\Users\ASUS\Desktop\DOAN\BE\GSP26SE43.ModularMonolith\ClassifiedAds.UnitTests\TestGeneration\TestExecutionReadGatewayServiceTests.cs(58,27): warning CS8600: Converting null literal or possible null value to non-nullable type. [C:\Users\ASUS\Desktop\DOAN\BE\GSP26SE43.ModularMonolith\ClassifiedAds.UnitTests\ClassifiedAds.UnitTests.csproj]
C:\Users\ASUS\Desktop\DOAN\BE\GSP26SE43.ModularMonolith\ClassifiedAds.UnitTests\TestGeneration\TestExecutionReadGatewayServiceTests.cs(57,9): warning CS8620: Argument of type 'ISetup<IRepository<TestSuite, Guid>, Task<TestSuite>>' cannot be used for parameter 'mock' of type 'IReturns<IRepository<TestSuite, Guid>, Task<TestSuite?>>' in 'IReturnsResult<IRepository<TestSuite, Guid>> ReturnsExtensions.ReturnsAsync<IRepository<TestSuite, Guid>, TestSuite?>(IReturns<IRepository<TestSuite, Guid>, Task<TestSuite?>> mock, TestSuite? value)' due to differences in the nullability of reference types. [C:\Users\ASUS\Desktop\DOAN\BE\GSP26SE43.ModularMonolith\ClassifiedAds.UnitTests\ClassifiedAds.UnitTests.csproj]
C:\Users\ASUS\Desktop\DOAN\BE\GSP26SE43.ModularMonolith\ClassifiedAds.UnitTests\Subscription\CreateSubscriptionPaymentCommandHandlerTests.cs(47,9): warning CS8620: Argument of type 'ISetup<IRepository<SubscriptionPlan, Guid>, Task<SubscriptionPlan>>' cannot be used for parameter 'mock' of type 'IReturns<IRepository<SubscriptionPlan, Guid>, Task<SubscriptionPlan?>>' in 'IReturnsResult<IRepository<SubscriptionPlan, Guid>> GeneratedReturnsExtensions.ReturnsAsync<IQueryable<SubscriptionPlan>, IRepository<SubscriptionPlan, Guid>, SubscriptionPlan?>(IReturns<IRepository<SubscriptionPlan, Guid>, Task<SubscriptionPlan?>> mock, Func<IQueryable<SubscriptionPlan>, SubscriptionPlan?> valueFunction)' due to differences in the nullability of reference types. [C:\Users\ASUS\Desktop\DOAN\BE\GSP26SE43.ModularMonolith\ClassifiedAds.UnitTests\ClassifiedAds.UnitTests.csproj]
C:\Users\ASUS\Desktop\DOAN\BE\GSP26SE43.ModularMonolith\ClassifiedAds.UnitTests\Subscription\CreateSubscriptionPaymentCommandHandlerTests.cs(49,9): warning CS8620: Argument of type 'ISetup<IRepository<UserSubscription, Guid>, Task<UserSubscription>>' cannot be used for parameter 'mock' of type 'IReturns<IRepository<UserSubscription, Guid>, Task<UserSubscription?>>' in 'IReturnsResult<IRepository<UserSubscription, Guid>> GeneratedReturnsExtensions.ReturnsAsync<IQueryable<UserSubscription>, IRepository<UserSubscription, Guid>, UserSubscription?>(IReturns<IRepository<UserSubscription, Guid>, Task<UserSubscription?>> mock, Func<IQueryable<UserSubscription>, UserSubscription?> valueFunction)' due to differences in the nullability of reference types. [C:\Users\ASUS\Desktop\DOAN\BE\GSP26SE43.ModularMonolith\ClassifiedAds.UnitTests\ClassifiedAds.UnitTests.csproj]
C:\Users\ASUS\Desktop\DOAN\BE\GSP26SE43.ModularMonolith\ClassifiedAds.UnitTests\Subscription\AddUpdatePlanCommandHandlerTests.cs(140,27): warning CS8600: Converting null literal or possible null value to non-nullable type. [C:\Users\ASUS\Desktop\DOAN\BE\GSP26SE43.ModularMonolith\ClassifiedAds.UnitTests\ClassifiedAds.UnitTests.csproj]
C:\Users\ASUS\Desktop\DOAN\BE\GSP26SE43.ModularMonolith\ClassifiedAds.UnitTests\Subscription\AddUpdatePlanCommandHandlerTests.cs(138,9): warning CS8620: Argument of type 'ISetupSequentialResult<Task<SubscriptionPlan>>' cannot be used for parameter 'setup' of type 'ISetupSequentialResult<Task<SubscriptionPlan?>>' in 'ISetupSequentialResult<Task<SubscriptionPlan?>> SequenceExtensions.ReturnsAsync<SubscriptionPlan?>(ISetupSequentialResult<Task<SubscriptionPlan?>> setup, SubscriptionPlan? value)' due to differences in the nullability of reference types. [C:\Users\ASUS\Desktop\DOAN\BE\GSP26SE43.ModularMonolith\ClassifiedAds.UnitTests\ClassifiedAds.UnitTests.csproj]
C:\Users\ASUS\Desktop\DOAN\BE\GSP26SE43.ModularMonolith\ClassifiedAds.UnitTests\TestGeneration\UpsertLlmSuggestionFeedbackCommandHandlerTests.cs(137,62): warning CS8600: Converting null literal or possible null value to non-nullable type. [C:\Users\ASUS\Desktop\DOAN\BE\GSP26SE43.ModularMonolith\ClassifiedAds.UnitTests\ClassifiedAds.UnitTests.csproj]
C:\Users\ASUS\Desktop\DOAN\BE\GSP26SE43.ModularMonolith\ClassifiedAds.UnitTests\Subscription\HandlePayOsWebhookCommandHandlerTests.cs(51,9): warning CS8620: Argument of type 'ISetup<IRepository<PaymentIntent, Guid>, Task<PaymentIntent>>' cannot be used for parameter 'mock' of type 'IReturns<IRepository<PaymentIntent, Guid>, Task<PaymentIntent?>>' in 'IReturnsResult<IRepository<PaymentIntent, Guid>> GeneratedReturnsExtensions.ReturnsAsync<IQueryable<PaymentIntent>, IRepository<PaymentIntent, Guid>, PaymentIntent?>(IReturns<IRepository<PaymentIntent, Guid>, Task<PaymentIntent?>> mock, Func<IQueryable<PaymentIntent>, PaymentIntent?> valueFunction)' due to differences in the nullability of reference types. [C:\Users\ASUS\Desktop\DOAN\BE\GSP26SE43.ModularMonolith\ClassifiedAds.UnitTests\ClassifiedAds.UnitTests.csproj]
C:\Users\ASUS\Desktop\DOAN\BE\GSP26SE43.ModularMonolith\ClassifiedAds.UnitTests\Subscription\HandlePayOsWebhookCommandHandlerTests.cs(53,9): warning CS8620: Argument of type 'ISetup<IRepository<PaymentTransaction, Guid>, Task<PaymentTransaction>>' cannot be used for parameter 'mock' of type 'IReturns<IRepository<PaymentTransaction, Guid>, Task<PaymentTransaction?>>' in 'IReturnsResult<IRepository<PaymentTransaction, Guid>> GeneratedReturnsExtensions.ReturnsAsync<IQueryable<PaymentTransaction>, IRepository<PaymentTransaction, Guid>, PaymentTransaction?>(IReturns<IRepository<PaymentTransaction, Guid>, Task<PaymentTransaction?>> mock, Func<IQueryable<PaymentTransaction>, PaymentTransaction?> valueFunction)' due to differences in the nullability of reference types. [C:\Users\ASUS\Desktop\DOAN\BE\GSP26SE43.ModularMonolith\ClassifiedAds.UnitTests\ClassifiedAds.UnitTests.csproj]
C:\Users\ASUS\Desktop\DOAN\BE\GSP26SE43.ModularMonolith\ClassifiedAds.UnitTests\Subscription\HandlePayOsWebhookCommandHandlerTests.cs(55,9): warning CS8620: Argument of type 'ISetup<IRepository<UserSubscription, Guid>, Task<UserSubscription>>' cannot be used for parameter 'mock' of type 'IReturns<IRepository<UserSubscription, Guid>, Task<UserSubscription?>>' in 'IReturnsResult<IRepository<UserSubscription, Guid>> GeneratedReturnsExtensions.ReturnsAsync<IQueryable<UserSubscription>, IRepository<UserSubscription, Guid>, UserSubscription?>(IReturns<IRepository<UserSubscription, Guid>, Task<UserSubscription?>> mock, Func<IQueryable<UserSubscription>, UserSubscription?> valueFunction)' due to differences in the nullability of reference types. [C:\Users\ASUS\Desktop\DOAN\BE\GSP26SE43.ModularMonolith\ClassifiedAds.UnitTests\ClassifiedAds.UnitTests.csproj]
C:\Users\ASUS\Desktop\DOAN\BE\GSP26SE43.ModularMonolith\ClassifiedAds.UnitTests\Subscription\HandlePayOsWebhookCommandHandlerTests.cs(57,9): warning CS8620: Argument of type 'ISetup<IRepository<SubscriptionPlan, Guid>, Task<SubscriptionPlan>>' cannot be used for parameter 'mock' of type 'IReturns<IRepository<SubscriptionPlan, Guid>, Task<SubscriptionPlan?>>' in 'IReturnsResult<IRepository<SubscriptionPlan, Guid>> GeneratedReturnsExtensions.ReturnsAsync<IQueryable<SubscriptionPlan>, IRepository<SubscriptionPlan, Guid>, SubscriptionPlan?>(IReturns<IRepository<SubscriptionPlan, Guid>, Task<SubscriptionPlan?>> mock, Func<IQueryable<SubscriptionPlan>, SubscriptionPlan?> valueFunction)' due to differences in the nullability of reference types. [C:\Users\ASUS\Desktop\DOAN\BE\GSP26SE43.ModularMonolith\ClassifiedAds.UnitTests\ClassifiedAds.UnitTests.csproj]
C:\Users\ASUS\Desktop\DOAN\BE\GSP26SE43.ModularMonolith\ClassifiedAds.UnitTests\TestGeneration\SchemaRelationshipAnalyzerTests.cs(30,53): warning CS8600: Converting null literal or possible null value to non-nullable type. [C:\Users\ASUS\Desktop\DOAN\BE\GSP26SE43.ModularMonolith\ClassifiedAds.UnitTests\ClassifiedAds.UnitTests.csproj]
C:\Users\ASUS\Desktop\DOAN\BE\GSP26SE43.ModularMonolith\ClassifiedAds.UnitTests\Subscription\AddPaymentTransactionCommandHandlerTests.cs(73,47): warning CS8600: Converting null literal or possible null value to non-nullable type. [C:\Users\ASUS\Desktop\DOAN\BE\GSP26SE43.ModularMonolith\ClassifiedAds.UnitTests\ClassifiedAds.UnitTests.csproj]
C:\Users\ASUS\Desktop\DOAN\BE\GSP26SE43.ModularMonolith\ClassifiedAds.UnitTests\Subscription\AddPaymentTransactionCommandHandlerTests.cs(80,27): warning CS8600: Converting null literal or possible null value to non-nullable type. [C:\Users\ASUS\Desktop\DOAN\BE\GSP26SE43.ModularMonolith\ClassifiedAds.UnitTests\ClassifiedAds.UnitTests.csproj]
C:\Users\ASUS\Desktop\DOAN\BE\GSP26SE43.ModularMonolith\ClassifiedAds.UnitTests\Subscription\AddPaymentTransactionCommandHandlerTests.cs(79,9): warning CS8620: Argument of type 'ISetup<IRepository<PaymentTransaction, Guid>, Task<PaymentTransaction>>' cannot be used for parameter 'mock' of type 'IReturns<IRepository<PaymentTransaction, Guid>, Task<PaymentTransaction?>>' in 'IReturnsResult<IRepository<PaymentTransaction, Guid>> ReturnsExtensions.ReturnsAsync<IRepository<PaymentTransaction, Guid>, PaymentTransaction?>(IReturns<IRepository<PaymentTransaction, Guid>, Task<PaymentTransaction?>> mock, PaymentTransaction? value)' due to differences in the nullability of reference types. [C:\Users\ASUS\Desktop\DOAN\BE\GSP26SE43.ModularMonolith\ClassifiedAds.UnitTests\ClassifiedAds.UnitTests.csproj]
C:\Users\ASUS\Desktop\DOAN\BE\GSP26SE43.ModularMonolith\ClassifiedAds.UnitTests\Subscription\AddUpdatePlanCommandHandlerTests.cs(166,27): warning CS8600: Converting null literal or possible null value to non-nullable type. [C:\Users\ASUS\Desktop\DOAN\BE\GSP26SE43.ModularMonolith\ClassifiedAds.UnitTests\ClassifiedAds.UnitTests.csproj]
C:\Users\ASUS\Desktop\DOAN\BE\GSP26SE43.ModularMonolith\ClassifiedAds.UnitTests\Subscription\AddUpdatePlanCommandHandlerTests.cs(165,9): warning CS8620: Argument of type 'ISetup<IRepository<SubscriptionPlan, Guid>, Task<SubscriptionPlan>>' cannot be used for parameter 'mock' of type 'IReturns<IRepository<SubscriptionPlan, Guid>, Task<SubscriptionPlan?>>' in 'IReturnsResult<IRepository<SubscriptionPlan, Guid>> ReturnsExtensions.ReturnsAsync<IRepository<SubscriptionPlan, Guid>, SubscriptionPlan?>(IReturns<IRepository<SubscriptionPlan, Guid>, Task<SubscriptionPlan?>> mock, SubscriptionPlan? value)' due to differences in the nullability of reference types. [C:\Users\ASUS\Desktop\DOAN\BE\GSP26SE43.ModularMonolith\ClassifiedAds.UnitTests\ClassifiedAds.UnitTests.csproj]
C:\Users\ASUS\Desktop\DOAN\BE\GSP26SE43.ModularMonolith\ClassifiedAds.UnitTests\Subscription\ConsumeLimitAtomicallyCommandHandlerTests.cs(47,9): warning CS8620: Argument of type 'ISetup<IRepository<UserSubscription, Guid>, Task<UserSubscription>>' cannot be used for parameter 'mock' of type 'IReturns<IRepository<UserSubscription, Guid>, Task<UserSubscription?>>' in 'IReturnsResult<IRepository<UserSubscription, Guid>> GeneratedReturnsExtensions.ReturnsAsync<IQueryable<UserSubscription>, IRepository<UserSubscription, Guid>, UserSubscription?>(IReturns<IRepository<UserSubscription, Guid>, Task<UserSubscription?>> mock, Func<IQueryable<UserSubscription>, UserSubscription?> valueFunction)' due to differences in the nullability of reference types. [C:\Users\ASUS\Desktop\DOAN\BE\GSP26SE43.ModularMonolith\ClassifiedAds.UnitTests\ClassifiedAds.UnitTests.csproj]
C:\Users\ASUS\Desktop\DOAN\BE\GSP26SE43.ModularMonolith\ClassifiedAds.UnitTests\Subscription\ConsumeLimitAtomicallyCommandHandlerTests.cs(49,9): warning CS8620: Argument of type 'ISetup<IRepository<SubscriptionPlan, Guid>, Task<SubscriptionPlan>>' cannot be used for parameter 'mock' of type 'IReturns<IRepository<SubscriptionPlan, Guid>, Task<SubscriptionPlan?>>' in 'IReturnsResult<IRepository<SubscriptionPlan, Guid>> GeneratedReturnsExtensions.ReturnsAsync<IQueryable<SubscriptionPlan>, IRepository<SubscriptionPlan, Guid>, SubscriptionPlan?>(IReturns<IRepository<SubscriptionPlan, Guid>, Task<SubscriptionPlan?>> mock, Func<IQueryable<SubscriptionPlan>, SubscriptionPlan?> valueFunction)' due to differences in the nullability of reference types. [C:\Users\ASUS\Desktop\DOAN\BE\GSP26SE43.ModularMonolith\ClassifiedAds.UnitTests\ClassifiedAds.UnitTests.csproj]
C:\Users\ASUS\Desktop\DOAN\BE\GSP26SE43.ModularMonolith\ClassifiedAds.UnitTests\Subscription\ConsumeLimitAtomicallyCommandHandlerTests.cs(51,9): warning CS8620: Argument of type 'ISetup<IRepository<PlanLimit, Guid>, Task<PlanLimit>>' cannot be used for parameter 'mock' of type 'IReturns<IRepository<PlanLimit, Guid>, Task<PlanLimit?>>' in 'IReturnsResult<IRepository<PlanLimit, Guid>> GeneratedReturnsExtensions.ReturnsAsync<IQueryable<PlanLimit>, IRepository<PlanLimit, Guid>, PlanLimit?>(IReturns<IRepository<PlanLimit, Guid>, Task<PlanLimit?>> mock, Func<IQueryable<PlanLimit>, PlanLimit?> valueFunction)' due to differences in the nullability of reference types. [C:\Users\ASUS\Desktop\DOAN\BE\GSP26SE43.ModularMonolith\ClassifiedAds.UnitTests\ClassifiedAds.UnitTests.csproj]
C:\Users\ASUS\Desktop\DOAN\BE\GSP26SE43.ModularMonolith\ClassifiedAds.UnitTests\Subscription\ConsumeLimitAtomicallyCommandHandlerTests.cs(53,9): warning CS8620: Argument of type 'ISetup<IRepository<UsageTracking, Guid>, Task<UsageTracking>>' cannot be used for parameter 'mock' of type 'IReturns<IRepository<UsageTracking, Guid>, Task<UsageTracking?>>' in 'IReturnsResult<IRepository<UsageTracking, Guid>> GeneratedReturnsExtensions.ReturnsAsync<IQueryable<UsageTracking>, IRepository<UsageTracking, Guid>, UsageTracking?>(IReturns<IRepository<UsageTracking, Guid>, Task<UsageTracking?>> mock, Func<IQueryable<UsageTracking>, UsageTracking?> valueFunction)' due to differences in the nullability of reference types. [C:\Users\ASUS\Desktop\DOAN\BE\GSP26SE43.ModularMonolith\ClassifiedAds.UnitTests\ClassifiedAds.UnitTests.csproj]
C:\Users\ASUS\Desktop\DOAN\BE\GSP26SE43.ModularMonolith\ClassifiedAds.UnitTests\TestGeneration\ToggleTestCaseCommandHandlerTests.cs(201,27): warning CS8600: Converting null literal or possible null value to non-nullable type. [C:\Users\ASUS\Desktop\DOAN\BE\GSP26SE43.ModularMonolith\ClassifiedAds.UnitTests\ClassifiedAds.UnitTests.csproj]
C:\Users\ASUS\Desktop\DOAN\BE\GSP26SE43.ModularMonolith\ClassifiedAds.UnitTests\TestGeneration\ToggleTestCaseCommandHandlerTests.cs(200,9): warning CS8620: Argument of type 'ISetup<IRepository<TestCase, Guid>, Task<TestCase>>' cannot be used for parameter 'mock' of type 'IReturns<IRepository<TestCase, Guid>, Task<TestCase?>>' in 'IReturnsResult<IRepository<TestCase, Guid>> ReturnsExtensions.ReturnsAsync<IRepository<TestCase, Guid>, TestCase?>(IReturns<IRepository<TestCase, Guid>, Task<TestCase?>> mock, TestCase? value)' due to differences in the nullability of reference types. [C:\Users\ASUS\Desktop\DOAN\BE\GSP26SE43.ModularMonolith\ClassifiedAds.UnitTests\ClassifiedAds.UnitTests.csproj]
C:\Users\ASUS\Desktop\DOAN\BE\GSP26SE43.ModularMonolith\ClassifiedAds.UnitTests\TestGeneration\UpsertLlmSuggestionFeedbackCommandHandlerTests.cs(267,115): warning CS8600: Converting null literal or possible null value to non-nullable type. [C:\Users\ASUS\Desktop\DOAN\BE\GSP26SE43.ModularMonolith\ClassifiedAds.UnitTests\ClassifiedAds.UnitTests.csproj]
C:\Users\ASUS\Desktop\DOAN\BE\GSP26SE43.ModularMonolith\ClassifiedAds.UnitTests\TestGeneration\UpsertLlmSuggestionFeedbackCommandHandlerTests.cs(267,9): warning CS8620: Argument of type 'ISetup<IRepository<LlmSuggestion, Guid>, Task<LlmSuggestion>>' cannot be used for parameter 'mock' of type 'IReturns<IRepository<LlmSuggestion, Guid>, Task<LlmSuggestion?>>' in 'IReturnsResult<IRepository<LlmSuggestion, Guid>> ReturnsExtensions.ReturnsAsync<IRepository<LlmSuggestion, Guid>, LlmSuggestion?>(IReturns<IRepository<LlmSuggestion, Guid>, Task<LlmSuggestion?>> mock, LlmSuggestion? value)' due to differences in the nullability of reference types. [C:\Users\ASUS\Desktop\DOAN\BE\GSP26SE43.ModularMonolith\ClassifiedAds.UnitTests\ClassifiedAds.UnitTests.csproj]
C:\Users\ASUS\Desktop\DOAN\BE\GSP26SE43.ModularMonolith\ClassifiedAds.UnitTests\TestGeneration\UpdateTestCaseCommandHandlerTests.cs(263,27): warning CS8600: Converting null literal or possible null value to non-nullable type. [C:\Users\ASUS\Desktop\DOAN\BE\GSP26SE43.ModularMonolith\ClassifiedAds.UnitTests\ClassifiedAds.UnitTests.csproj]
C:\Users\ASUS\Desktop\DOAN\BE\GSP26SE43.ModularMonolith\ClassifiedAds.UnitTests\TestGeneration\UpdateTestCaseCommandHandlerTests.cs(262,9): warning CS8620: Argument of type 'ISetup<IRepository<TestCase, Guid>, Task<TestCase>>' cannot be used for parameter 'mock' of type 'IReturns<IRepository<TestCase, Guid>, Task<TestCase?>>' in 'IReturnsResult<IRepository<TestCase, Guid>> ReturnsExtensions.ReturnsAsync<IRepository<TestCase, Guid>, TestCase?>(IReturns<IRepository<TestCase, Guid>, Task<TestCase?>> mock, TestCase? value)' due to differences in the nullability of reference types. [C:\Users\ASUS\Desktop\DOAN\BE\GSP26SE43.ModularMonolith\ClassifiedAds.UnitTests\ClassifiedAds.UnitTests.csproj]
C:\Users\ASUS\Desktop\DOAN\BE\GSP26SE43.ModularMonolith\ClassifiedAds.UnitTests\TestReporting\PdfReportRendererTests.cs(25,38): warning CS8600: Converting null literal or possible null value to non-nullable type. [C:\Users\ASUS\Desktop\DOAN\BE\GSP26SE43.ModularMonolith\ClassifiedAds.UnitTests\ClassifiedAds.UnitTests.csproj]
C:\Users\ASUS\Desktop\DOAN\BE\GSP26SE43.ModularMonolith\ClassifiedAds.UnitTests\Subscription\AddUpdatePlanCommandHandlerTests.cs(297,27): warning CS8600: Converting null literal or possible null value to non-nullable type. [C:\Users\ASUS\Desktop\DOAN\BE\GSP26SE43.ModularMonolith\ClassifiedAds.UnitTests\ClassifiedAds.UnitTests.csproj]
C:\Users\ASUS\Desktop\DOAN\BE\GSP26SE43.ModularMonolith\ClassifiedAds.UnitTests\Subscription\AddUpdatePlanCommandHandlerTests.cs(295,9): warning CS8620: Argument of type 'ISetupSequentialResult<Task<SubscriptionPlan>>' cannot be used for parameter 'setup' of type 'ISetupSequentialResult<Task<SubscriptionPlan?>>' in 'ISetupSequentialResult<Task<SubscriptionPlan?>> SequenceExtensions.ReturnsAsync<SubscriptionPlan?>(ISetupSequentialResult<Task<SubscriptionPlan?>> setup, SubscriptionPlan? value)' due to differences in the nullability of reference types. [C:\Users\ASUS\Desktop\DOAN\BE\GSP26SE43.ModularMonolith\ClassifiedAds.UnitTests\ClassifiedAds.UnitTests.csproj]
C:\Users\ASUS\Desktop\DOAN\BE\GSP26SE43.ModularMonolith\ClassifiedAds.UnitTests\TestGeneration\TestExecutionReadGatewayServiceTests.cs(281,45): warning CS8629: Nullable value type may be null. [C:\Users\ASUS\Desktop\DOAN\BE\GSP26SE43.ModularMonolith\ClassifiedAds.UnitTests\ClassifiedAds.UnitTests.csproj]
C:\Users\ASUS\Desktop\DOAN\BE\GSP26SE43.ModularMonolith\ClassifiedAds.UnitTests\Subscription\AddPaymentTransactionCommandHandlerTests.cs(226,27): warning CS8600: Converting null literal or possible null value to non-nullable type. [C:\Users\ASUS\Desktop\DOAN\BE\GSP26SE43.ModularMonolith\ClassifiedAds.UnitTests\ClassifiedAds.UnitTests.csproj]
C:\Users\ASUS\Desktop\DOAN\BE\GSP26SE43.ModularMonolith\ClassifiedAds.UnitTests\Subscription\AddPaymentTransactionCommandHandlerTests.cs(225,9): warning CS8620: Argument of type 'ISetup<IRepository<PaymentTransaction, Guid>, Task<PaymentTransaction>>' cannot be used for parameter 'mock' of type 'IReturns<IRepository<PaymentTransaction, Guid>, Task<PaymentTransaction?>>' in 'IReturnsResult<IRepository<PaymentTransaction, Guid>> ReturnsExtensions.ReturnsAsync<IRepository<PaymentTransaction, Guid>, PaymentTransaction?>(IReturns<IRepository<PaymentTransaction, Guid>, Task<PaymentTransaction?>> mock, PaymentTransaction? value)' due to differences in the nullability of reference types. [C:\Users\ASUS\Desktop\DOAN\BE\GSP26SE43.ModularMonolith\ClassifiedAds.UnitTests\ClassifiedAds.UnitTests.csproj]
C:\Users\ASUS\Desktop\DOAN\BE\GSP26SE43.ModularMonolith\ClassifiedAds.UnitTests\TestGeneration\SaveAiGeneratedTestCasesCommandHandlerTests.cs(57,27): warning CS8600: Converting null literal or possible null value to non-nullable type. [C:\Users\ASUS\Desktop\DOAN\BE\GSP26SE43.ModularMonolith\ClassifiedAds.UnitTests\ClassifiedAds.UnitTests.csproj]
C:\Users\ASUS\Desktop\DOAN\BE\GSP26SE43.ModularMonolith\ClassifiedAds.UnitTests\TestGeneration\SaveAiGeneratedTestCasesCommandHandlerTests.cs(56,9): warning CS8620: Argument of type 'ISetup<IRepository<TestGenerationJob, Guid>, Task<TestGenerationJob>>' cannot be used for parameter 'mock' of type 'IReturns<IRepository<TestGenerationJob, Guid>, Task<TestGenerationJob?>>' in 'IReturnsResult<IRepository<TestGenerationJob, Guid>> ReturnsExtensions.ReturnsAsync<IRepository<TestGenerationJob, Guid>, TestGenerationJob?>(IReturns<IRepository<TestGenerationJob, Guid>, Task<TestGenerationJob?>> mock, TestGenerationJob? value)' due to differences in the nullability of reference types. [C:\Users\ASUS\Desktop\DOAN\BE\GSP26SE43.ModularMonolith\ClassifiedAds.UnitTests\ClassifiedAds.UnitTests.csproj]
C:\Users\ASUS\Desktop\DOAN\BE\GSP26SE43.ModularMonolith\ClassifiedAds.UnitTests\Subscription\AddUpdatePlanCommandHandlerTests.cs(352,27): warning CS8600: Converting null literal or possible null value to non-nullable type. [C:\Users\ASUS\Desktop\DOAN\BE\GSP26SE43.ModularMonolith\ClassifiedAds.UnitTests\ClassifiedAds.UnitTests.csproj]
C:\Users\ASUS\Desktop\DOAN\BE\GSP26SE43.ModularMonolith\ClassifiedAds.UnitTests\Subscription\AddUpdatePlanCommandHandlerTests.cs(350,9): warning CS8620: Argument of type 'ISetupSequentialResult<Task<SubscriptionPlan>>' cannot be used for parameter 'setup' of type 'ISetupSequentialResult<Task<SubscriptionPlan?>>' in 'ISetupSequentialResult<Task<SubscriptionPlan?>> SequenceExtensions.ReturnsAsync<SubscriptionPlan?>(ISetupSequentialResult<Task<SubscriptionPlan?>> setup, SubscriptionPlan? value)' due to differences in the nullability of reference types. [C:\Users\ASUS\Desktop\DOAN\BE\GSP26SE43.ModularMonolith\ClassifiedAds.UnitTests\ClassifiedAds.UnitTests.csproj]
C:\Users\ASUS\Desktop\DOAN\BE\GSP26SE43.ModularMonolith\ClassifiedAds.UnitTests\Subscription\AddUpdatePlanCommandHandlerTests.cs(405,27): warning CS8600: Converting null literal or possible null value to non-nullable type. [C:\Users\ASUS\Desktop\DOAN\BE\GSP26SE43.ModularMonolith\ClassifiedAds.UnitTests\ClassifiedAds.UnitTests.csproj]
C:\Users\ASUS\Desktop\DOAN\BE\GSP26SE43.ModularMonolith\ClassifiedAds.UnitTests\Subscription\AddUpdatePlanCommandHandlerTests.cs(403,9): warning CS8620: Argument of type 'ISetupSequentialResult<Task<SubscriptionPlan>>' cannot be used for parameter 'setup' of type 'ISetupSequentialResult<Task<SubscriptionPlan?>>' in 'ISetupSequentialResult<Task<SubscriptionPlan?>> SequenceExtensions.ReturnsAsync<SubscriptionPlan?>(ISetupSequentialResult<Task<SubscriptionPlan?>> setup, SubscriptionPlan? value)' due to differences in the nullability of reference types. [C:\Users\ASUS\Desktop\DOAN\BE\GSP26SE43.ModularMonolith\ClassifiedAds.UnitTests\ClassifiedAds.UnitTests.csproj]
C:\Users\ASUS\Desktop\DOAN\BE\GSP26SE43.ModularMonolith\ClassifiedAds.UnitTests\Subscription\AddPaymentTransactionCommandHandlerTests.cs(262,47): warning CS8600: Converting null literal or possible null value to non-nullable type. [C:\Users\ASUS\Desktop\DOAN\BE\GSP26SE43.ModularMonolith\ClassifiedAds.UnitTests\ClassifiedAds.UnitTests.csproj]
C:\Users\ASUS\Desktop\DOAN\BE\GSP26SE43.ModularMonolith\ClassifiedAds.UnitTests\Subscription\AddPaymentTransactionCommandHandlerTests.cs(269,27): warning CS8600: Converting null literal or possible null value to non-nullable type. [C:\Users\ASUS\Desktop\DOAN\BE\GSP26SE43.ModularMonolith\ClassifiedAds.UnitTests\ClassifiedAds.UnitTests.csproj]
C:\Users\ASUS\Desktop\DOAN\BE\GSP26SE43.ModularMonolith\ClassifiedAds.UnitTests\Subscription\AddPaymentTransactionCommandHandlerTests.cs(268,9): warning CS8620: Argument of type 'ISetup<IRepository<PaymentTransaction, Guid>, Task<PaymentTransaction>>' cannot be used for parameter 'mock' of type 'IReturns<IRepository<PaymentTransaction, Guid>, Task<PaymentTransaction?>>' in 'IReturnsResult<IRepository<PaymentTransaction, Guid>> ReturnsExtensions.ReturnsAsync<IRepository<PaymentTransaction, Guid>, PaymentTransaction?>(IReturns<IRepository<PaymentTransaction, Guid>, Task<PaymentTransaction?>> mock, PaymentTransaction? value)' due to differences in the nullability of reference types. [C:\Users\ASUS\Desktop\DOAN\BE\GSP26SE43.ModularMonolith\ClassifiedAds.UnitTests\ClassifiedAds.UnitTests.csproj]
C:\Users\ASUS\Desktop\DOAN\BE\GSP26SE43.ModularMonolith\ClassifiedAds.UnitTests\TestExecution\TestRunReportReadGatewayServiceTests.cs(316,9): warning CS8620: Argument of type 'ISetup<IRepository<TestRun, Guid>, Task<TestRun>>' cannot be used for parameter 'mock' of type 'IReturns<IRepository<TestRun, Guid>, Task<TestRun?>>' in 'IReturnsResult<IRepository<TestRun, Guid>> GeneratedReturnsExtensions.ReturnsAsync<IQueryable<TestRun>, IRepository<TestRun, Guid>, TestRun?>(IReturns<IRepository<TestRun, Guid>, Task<TestRun?>> mock, Func<IQueryable<TestRun>, TestRun?> valueFunction)' due to differences in the nullability of reference types. [C:\Users\ASUS\Desktop\DOAN\BE\GSP26SE43.ModularMonolith\ClassifiedAds.UnitTests\ClassifiedAds.UnitTests.csproj]
C:\Users\ASUS\Desktop\DOAN\BE\GSP26SE43.ModularMonolith\ClassifiedAds.UnitTests\Subscription\AddUpdatePlanCommandHandlerTests.cs(450,27): warning CS8600: Converting null literal or possible null value to non-nullable type. [C:\Users\ASUS\Desktop\DOAN\BE\GSP26SE43.ModularMonolith\ClassifiedAds.UnitTests\ClassifiedAds.UnitTests.csproj]
C:\Users\ASUS\Desktop\DOAN\BE\GSP26SE43.ModularMonolith\ClassifiedAds.UnitTests\Subscription\AddUpdatePlanCommandHandlerTests.cs(448,9): warning CS8620: Argument of type 'ISetupSequentialResult<Task<SubscriptionPlan>>' cannot be used for parameter 'setup' of type 'ISetupSequentialResult<Task<SubscriptionPlan?>>' in 'ISetupSequentialResult<Task<SubscriptionPlan?>> SequenceExtensions.ReturnsAsync<SubscriptionPlan?>(ISetupSequentialResult<Task<SubscriptionPlan?>> setup, SubscriptionPlan? value)' due to differences in the nullability of reference types. [C:\Users\ASUS\Desktop\DOAN\BE\GSP26SE43.ModularMonolith\ClassifiedAds.UnitTests\ClassifiedAds.UnitTests.csproj]
C:\Users\ASUS\Desktop\DOAN\BE\GSP26SE43.ModularMonolith\ClassifiedAds.UnitTests\TestExecution\TestRunReportReadGatewayServiceTests.cs(349,34): warning CS8629: Nullable value type may be null. [C:\Users\ASUS\Desktop\DOAN\BE\GSP26SE43.ModularMonolith\ClassifiedAds.UnitTests\ClassifiedAds.UnitTests.csproj]
C:\Users\ASUS\Desktop\DOAN\BE\GSP26SE43.ModularMonolith\ClassifiedAds.UnitTests\TestGeneration\ProposeApiTestOrderCommandHandlerTests.cs(181,27): warning CS8600: Converting null literal or possible null value to non-nullable type. [C:\Users\ASUS\Desktop\DOAN\BE\GSP26SE43.ModularMonolith\ClassifiedAds.UnitTests\ClassifiedAds.UnitTests.csproj]
C:\Users\ASUS\Desktop\DOAN\BE\GSP26SE43.ModularMonolith\ClassifiedAds.UnitTests\TestGeneration\ProposeApiTestOrderCommandHandlerTests.cs(180,9): warning CS8620: Argument of type 'ISetup<IRepository<TestSuite, Guid>, Task<TestSuite>>' cannot be used for parameter 'mock' of type 'IReturns<IRepository<TestSuite, Guid>, Task<TestSuite?>>' in 'IReturnsResult<IRepository<TestSuite, Guid>> ReturnsExtensions.ReturnsAsync<IRepository<TestSuite, Guid>, TestSuite?>(IReturns<IRepository<TestSuite, Guid>, Task<TestSuite?>> mock, TestSuite? value)' due to differences in the nullability of reference types. [C:\Users\ASUS\Desktop\DOAN\BE\GSP26SE43.ModularMonolith\ClassifiedAds.UnitTests\ClassifiedAds.UnitTests.csproj]
C:\Users\ASUS\Desktop\DOAN\BE\GSP26SE43.ModularMonolith\ClassifiedAds.UnitTests\TestGeneration\GenerateTestCasesCommandHandlerTests.cs(46,39): warning CS8601: Possible null reference assignment. [C:\Users\ASUS\Desktop\DOAN\BE\GSP26SE43.ModularMonolith\ClassifiedAds.UnitTests\ClassifiedAds.UnitTests.csproj]
C:\Users\ASUS\Desktop\DOAN\BE\GSP26SE43.ModularMonolith\ClassifiedAds.UnitTests\TestGeneration\GenerateTestCasesCommandHandlerTests.cs(29,12): warning CS8618: Non-nullable field '_capturedJob' must contain a non-null value when exiting constructor. Consider adding the 'required' modifier or declaring the field as nullable. [C:\Users\ASUS\Desktop\DOAN\BE\GSP26SE43.ModularMonolith\ClassifiedAds.UnitTests\ClassifiedAds.UnitTests.csproj]
C:\Users\ASUS\Desktop\DOAN\BE\GSP26SE43.ModularMonolith\ClassifiedAds.UnitTests\TestGeneration\GenerateTestCasesCommandHandlerTests.cs(29,12): warning CS8618: Non-nullable field '_rowVersionAtInsert' must contain a non-null value when exiting constructor. Consider adding the 'required' modifier or declaring the field as nullable. [C:\Users\ASUS\Desktop\DOAN\BE\GSP26SE43.ModularMonolith\ClassifiedAds.UnitTests\ClassifiedAds.UnitTests.csproj]
C:\Users\ASUS\Desktop\DOAN\BE\GSP26SE43.ModularMonolith\ClassifiedAds.UnitTests\TestReporting\GetTestRunReportsQueryHandlerTests.cs(96,9): warning CS8620: Argument of type 'ISetup<IRepository<CoverageMetric, Guid>, Task<CoverageMetric>>' cannot be used for parameter 'mock' of type 'IReturns<IRepository<CoverageMetric, Guid>, Task<CoverageMetric?>>' in 'IReturnsResult<IRepository<CoverageMetric, Guid>> GeneratedReturnsExtensions.ReturnsAsync<IQueryable<CoverageMetric>, IRepository<CoverageMetric, Guid>, CoverageMetric?>(IReturns<IRepository<CoverageMetric, Guid>, Task<CoverageMetric?>> mock, Func<IQueryable<CoverageMetric>, CoverageMetric?> valueFunction)' due to differences in the nullability of reference types. [C:\Users\ASUS\Desktop\DOAN\BE\GSP26SE43.ModularMonolith\ClassifiedAds.UnitTests\ClassifiedAds.UnitTests.csproj]
C:\Users\ASUS\Desktop\DOAN\BE\GSP26SE43.ModularMonolith\ClassifiedAds.UnitTests\TestReporting\GetTestRunReportQueryHandlerTests.cs(27,27): warning CS8600: Converting null literal or possible null value to non-nullable type. [C:\Users\ASUS\Desktop\DOAN\BE\GSP26SE43.ModularMonolith\ClassifiedAds.UnitTests\ClassifiedAds.UnitTests.csproj]
C:\Users\ASUS\Desktop\DOAN\BE\GSP26SE43.ModularMonolith\ClassifiedAds.UnitTests\TestReporting\GetTestRunReportQueryHandlerTests.cs(26,9): warning CS8620: Argument of type 'ISetup<IRepository<TestReport, Guid>, Task<TestReport>>' cannot be used for parameter 'mock' of type 'IReturns<IRepository<TestReport, Guid>, Task<TestReport?>>' in 'IReturnsResult<IRepository<TestReport, Guid>> ReturnsExtensions.ReturnsAsync<IRepository<TestReport, Guid>, TestReport?>(IReturns<IRepository<TestReport, Guid>, Task<TestReport?>> mock, TestReport? value)' due to differences in the nullability of reference types. [C:\Users\ASUS\Desktop\DOAN\BE\GSP26SE43.ModularMonolith\ClassifiedAds.UnitTests\ClassifiedAds.UnitTests.csproj]
C:\Users\ASUS\Desktop\DOAN\BE\GSP26SE43.ModularMonolith\ClassifiedAds.UnitTests\TestGeneration\GetLlmSuggestionDetailQueryHandlerTests.cs(217,106): warning CS8600: Converting null literal or possible null value to non-nullable type. [C:\Users\ASUS\Desktop\DOAN\BE\GSP26SE43.ModularMonolith\ClassifiedAds.UnitTests\ClassifiedAds.UnitTests.csproj]
C:\Users\ASUS\Desktop\DOAN\BE\GSP26SE43.ModularMonolith\ClassifiedAds.UnitTests\TestGeneration\GetLlmSuggestionDetailQueryHandlerTests.cs(217,9): warning CS8620: Argument of type 'ISetup<IRepository<TestSuite, Guid>, Task<TestSuite>>' cannot be used for parameter 'mock' of type 'IReturns<IRepository<TestSuite, Guid>, Task<TestSuite?>>' in 'IReturnsResult<IRepository<TestSuite, Guid>> ReturnsExtensions.ReturnsAsync<IRepository<TestSuite, Guid>, TestSuite?>(IReturns<IRepository<TestSuite, Guid>, Task<TestSuite?>> mock, TestSuite? value)' due to differences in the nullability of reference types. [C:\Users\ASUS\Desktop\DOAN\BE\GSP26SE43.ModularMonolith\ClassifiedAds.UnitTests\ClassifiedAds.UnitTests.csproj]
C:\Users\ASUS\Desktop\DOAN\BE\GSP26SE43.ModularMonolith\ClassifiedAds.UnitTests\TestGeneration\GenerateTestCasesCommandHandlerTests.cs(79,52): warning CS8600: Converting null literal or possible null value to non-nullable type. [C:\Users\ASUS\Desktop\DOAN\BE\GSP26SE43.ModularMonolith\ClassifiedAds.UnitTests\ClassifiedAds.UnitTests.csproj]
C:\Users\ASUS\Desktop\DOAN\BE\GSP26SE43.ModularMonolith\ClassifiedAds.UnitTests\TestGeneration\GenerateTestCasesCommandHandlerTests.cs(80,33): warning CS8600: Converting null literal or possible null value to non-nullable type. [C:\Users\ASUS\Desktop\DOAN\BE\GSP26SE43.ModularMonolith\ClassifiedAds.UnitTests\ClassifiedAds.UnitTests.csproj]
C:\Users\ASUS\Desktop\DOAN\BE\GSP26SE43.ModularMonolith\ClassifiedAds.UnitTests\TestGeneration\GetLlmSuggestionsQueryHandlerTests.cs(282,106): warning CS8600: Converting null literal or possible null value to non-nullable type. [C:\Users\ASUS\Desktop\DOAN\BE\GSP26SE43.ModularMonolith\ClassifiedAds.UnitTests\ClassifiedAds.UnitTests.csproj]
C:\Users\ASUS\Desktop\DOAN\BE\GSP26SE43.ModularMonolith\ClassifiedAds.UnitTests\TestGeneration\GetLlmSuggestionsQueryHandlerTests.cs(282,9): warning CS8620: Argument of type 'ISetup<IRepository<TestSuite, Guid>, Task<TestSuite>>' cannot be used for parameter 'mock' of type 'IReturns<IRepository<TestSuite, Guid>, Task<TestSuite?>>' in 'IReturnsResult<IRepository<TestSuite, Guid>> ReturnsExtensions.ReturnsAsync<IRepository<TestSuite, Guid>, TestSuite?>(IReturns<IRepository<TestSuite, Guid>, Task<TestSuite?>> mock, TestSuite? value)' due to differences in the nullability of reference types. [C:\Users\ASUS\Desktop\DOAN\BE\GSP26SE43.ModularMonolith\ClassifiedAds.UnitTests\ClassifiedAds.UnitTests.csproj]
C:\Users\ASUS\Desktop\DOAN\BE\GSP26SE43.ModularMonolith\ClassifiedAds.UnitTests\TestGeneration\GetLlmSuggestionDetailQueryHandlerTests.cs(229,115): warning CS8600: Converting null literal or possible null value to non-nullable type. [C:\Users\ASUS\Desktop\DOAN\BE\GSP26SE43.ModularMonolith\ClassifiedAds.UnitTests\ClassifiedAds.UnitTests.csproj]
C:\Users\ASUS\Desktop\DOAN\BE\GSP26SE43.ModularMonolith\ClassifiedAds.UnitTests\TestGeneration\GetLlmSuggestionDetailQueryHandlerTests.cs(229,9): warning CS8620: Argument of type 'ISetup<IRepository<LlmSuggestion, Guid>, Task<LlmSuggestion>>' cannot be used for parameter 'mock' of type 'IReturns<IRepository<LlmSuggestion, Guid>, Task<LlmSuggestion?>>' in 'IReturnsResult<IRepository<LlmSuggestion, Guid>> ReturnsExtensions.ReturnsAsync<IRepository<LlmSuggestion, Guid>, LlmSuggestion?>(IReturns<IRepository<LlmSuggestion, Guid>, Task<LlmSuggestion?>> mock, LlmSuggestion? value)' due to differences in the nullability of reference types. [C:\Users\ASUS\Desktop\DOAN\BE\GSP26SE43.ModularMonolith\ClassifiedAds.UnitTests\ClassifiedAds.UnitTests.csproj]
C:\Users\ASUS\Desktop\DOAN\BE\GSP26SE43.ModularMonolith\ClassifiedAds.UnitTests\TestGeneration\GenerateLlmSuggestionPreviewCommandHandlerTests.cs(169,56): warning CS8600: Converting null literal or possible null value to non-nullable type. [C:\Users\ASUS\Desktop\DOAN\BE\GSP26SE43.ModularMonolith\ClassifiedAds.UnitTests\ClassifiedAds.UnitTests.csproj]
C:\Users\ASUS\Desktop\DOAN\BE\GSP26SE43.ModularMonolith\ClassifiedAds.UnitTests\TestGeneration\GeneratedTestCaseDependencyEnricherTests.cs(118,19): warning CS8625: Cannot convert null literal to non-nullable reference type. [C:\Users\ASUS\Desktop\DOAN\BE\GSP26SE43.ModularMonolith\ClassifiedAds.UnitTests\ClassifiedAds.UnitTests.csproj]
C:\Users\ASUS\Desktop\DOAN\BE\GSP26SE43.ModularMonolith\ClassifiedAds.UnitTests\TestGeneration\ReviewLlmSuggestionCommandHandlerTests.cs(596,106): warning CS8600: Converting null literal or possible null value to non-nullable type. [C:\Users\ASUS\Desktop\DOAN\BE\GSP26SE43.ModularMonolith\ClassifiedAds.UnitTests\ClassifiedAds.UnitTests.csproj]
C:\Users\ASUS\Desktop\DOAN\BE\GSP26SE43.ModularMonolith\ClassifiedAds.UnitTests\TestGeneration\ReviewLlmSuggestionCommandHandlerTests.cs(596,9): warning CS8620: Argument of type 'ISetup<IRepository<TestSuite, Guid>, Task<TestSuite>>' cannot be used for parameter 'mock' of type 'IReturns<IRepository<TestSuite, Guid>, Task<TestSuite?>>' in 'IReturnsResult<IRepository<TestSuite, Guid>> ReturnsExtensions.ReturnsAsync<IRepository<TestSuite, Guid>, TestSuite?>(IReturns<IRepository<TestSuite, Guid>, Task<TestSuite?>> mock, TestSuite? value)' due to differences in the nullability of reference types. [C:\Users\ASUS\Desktop\DOAN\BE\GSP26SE43.ModularMonolith\ClassifiedAds.UnitTests\ClassifiedAds.UnitTests.csproj]
C:\Users\ASUS\Desktop\DOAN\BE\GSP26SE43.ModularMonolith\ClassifiedAds.UnitTests\TestExecution\TestFailureReadGatewayServiceTests.cs(67,28): warning CS8625: Cannot convert null literal to non-nullable reference type. [C:\Users\ASUS\Desktop\DOAN\BE\GSP26SE43.ModularMonolith\ClassifiedAds.UnitTests\ClassifiedAds.UnitTests.csproj]
C:\Users\ASUS\Desktop\DOAN\BE\GSP26SE43.ModularMonolith\ClassifiedAds.UnitTests\TestGeneration\ReviewLlmSuggestionCommandHandlerTests.cs(608,115): warning CS8600: Converting null literal or possible null value to non-nullable type. [C:\Users\ASUS\Desktop\DOAN\BE\GSP26SE43.ModularMonolith\ClassifiedAds.UnitTests\ClassifiedAds.UnitTests.csproj]
C:\Users\ASUS\Desktop\DOAN\BE\GSP26SE43.ModularMonolith\ClassifiedAds.UnitTests\TestGeneration\ReviewLlmSuggestionCommandHandlerTests.cs(608,9): warning CS8620: Argument of type 'ISetup<IRepository<LlmSuggestion, Guid>, Task<LlmSuggestion>>' cannot be used for parameter 'mock' of type 'IReturns<IRepository<LlmSuggestion, Guid>, Task<LlmSuggestion?>>' in 'IReturnsResult<IRepository<LlmSuggestion, Guid>> ReturnsExtensions.ReturnsAsync<IRepository<LlmSuggestion, Guid>, LlmSuggestion?>(IReturns<IRepository<LlmSuggestion, Guid>, Task<LlmSuggestion?>> mock, LlmSuggestion? value)' due to differences in the nullability of reference types. [C:\Users\ASUS\Desktop\DOAN\BE\GSP26SE43.ModularMonolith\ClassifiedAds.UnitTests\ClassifiedAds.UnitTests.csproj]
C:\Users\ASUS\Desktop\DOAN\BE\GSP26SE43.ModularMonolith\ClassifiedAds.UnitTests\TestGeneration\GenerateLlmSuggestionPreviewCommandHandlerTests.cs(325,45): warning CS8600: Converting null literal or possible null value to non-nullable type. [C:\Users\ASUS\Desktop\DOAN\BE\GSP26SE43.ModularMonolith\ClassifiedAds.UnitTests\ClassifiedAds.UnitTests.csproj]
C:\Users\ASUS\Desktop\DOAN\BE\GSP26SE43.ModularMonolith\ClassifiedAds.UnitTests\TestExecution\TestFailureReadGatewayServiceTests.cs(87,27): warning CS8600: Converting null literal or possible null value to non-nullable type. [C:\Users\ASUS\Desktop\DOAN\BE\GSP26SE43.ModularMonolith\ClassifiedAds.UnitTests\ClassifiedAds.UnitTests.csproj]
C:\Users\ASUS\Desktop\DOAN\BE\GSP26SE43.ModularMonolith\ClassifiedAds.UnitTests\TestReporting\DownloadTestRunReportQueryHandlerTests.cs(39,9): warning CS8620: Argument of type 'ISetup<IRepository<TestReport, Guid>, Task<TestReport>>' cannot be used for parameter 'mock' of type 'IReturns<IRepository<TestReport, Guid>, Task<TestReport?>>' in 'IReturnsResult<IRepository<TestReport, Guid>> GeneratedReturnsExtensions.ReturnsAsync<IQueryable<TestReport>, IRepository<TestReport, Guid>, TestReport?>(IReturns<IRepository<TestReport, Guid>, Task<TestReport?>> mock, Func<IQueryable<TestReport>, TestReport?> valueFunction)' due to differences in the nullability of reference types. [C:\Users\ASUS\Desktop\DOAN\BE\GSP26SE43.ModularMonolith\ClassifiedAds.UnitTests\ClassifiedAds.UnitTests.csproj]
C:\Users\ASUS\Desktop\DOAN\BE\GSP26SE43.ModularMonolith\ClassifiedAds.UnitTests\TestGeneration\ArchiveTestSuiteScopeCommandHandlerTests.cs(74,27): warning CS8600: Converting null literal or possible null value to non-nullable type. [C:\Users\ASUS\Desktop\DOAN\BE\GSP26SE43.ModularMonolith\ClassifiedAds.UnitTests\ClassifiedAds.UnitTests.csproj]
C:\Users\ASUS\Desktop\DOAN\BE\GSP26SE43.ModularMonolith\ClassifiedAds.UnitTests\TestGeneration\ArchiveTestSuiteScopeCommandHandlerTests.cs(73,9): warning CS8620: Argument of type 'ISetup<IRepository<TestSuite, Guid>, Task<TestSuite>>' cannot be used for parameter 'mock' of type 'IReturns<IRepository<TestSuite, Guid>, Task<TestSuite?>>' in 'IReturnsResult<IRepository<TestSuite, Guid>> ReturnsExtensions.ReturnsAsync<IRepository<TestSuite, Guid>, TestSuite?>(IReturns<IRepository<TestSuite, Guid>, Task<TestSuite?>> mock, TestSuite? value)' due to differences in the nullability of reference types. [C:\Users\ASUS\Desktop\DOAN\BE\GSP26SE43.ModularMonolith\ClassifiedAds.UnitTests\ClassifiedAds.UnitTests.csproj]
C:\Users\ASUS\Desktop\DOAN\BE\GSP26SE43.ModularMonolith\ClassifiedAds.UnitTests\TestGeneration\DeleteTestCaseCommandHandlerTests.cs(208,27): warning CS8600: Converting null literal or possible null value to non-nullable type. [C:\Users\ASUS\Desktop\DOAN\BE\GSP26SE43.ModularMonolith\ClassifiedAds.UnitTests\ClassifiedAds.UnitTests.csproj]
C:\Users\ASUS\Desktop\DOAN\BE\GSP26SE43.ModularMonolith\ClassifiedAds.UnitTests\TestGeneration\DeleteTestCaseCommandHandlerTests.cs(207,9): warning CS8620: Argument of type 'ISetup<IRepository<TestCase, Guid>, Task<TestCase>>' cannot be used for parameter 'mock' of type 'IReturns<IRepository<TestCase, Guid>, Task<TestCase?>>' in 'IReturnsResult<IRepository<TestCase, Guid>> ReturnsExtensions.ReturnsAsync<IRepository<TestCase, Guid>, TestCase?>(IReturns<IRepository<TestCase, Guid>, Task<TestCase?>> mock, TestCase? value)' due to differences in the nullability of reference types. [C:\Users\ASUS\Desktop\DOAN\BE\GSP26SE43.ModularMonolith\ClassifiedAds.UnitTests\ClassifiedAds.UnitTests.csproj]
C:\Users\ASUS\Desktop\DOAN\BE\GSP26SE43.ModularMonolith\ClassifiedAds.UnitTests\TestGeneration\ApiTestOrderModelMapperTests.cs(23,58): warning CS8625: Cannot convert null literal to non-nullable reference type. [C:\Users\ASUS\Desktop\DOAN\BE\GSP26SE43.ModularMonolith\ClassifiedAds.UnitTests\ClassifiedAds.UnitTests.csproj]
C:\Users\ASUS\Desktop\DOAN\BE\GSP26SE43.ModularMonolith\ClassifiedAds.UnitTests\TestGeneration\ApiTestOrderModelMapperTests.cs(23,78): warning CS8625: Cannot convert null literal to non-nullable reference type. [C:\Users\ASUS\Desktop\DOAN\BE\GSP26SE43.ModularMonolith\ClassifiedAds.UnitTests\ClassifiedAds.UnitTests.csproj]
C:\Users\ASUS\Desktop\DOAN\BE\GSP26SE43.ModularMonolith\ClassifiedAds.UnitTests\TestGeneration\ApiTestOrderModelMapperTests.cs(37,58): warning CS8625: Cannot convert null literal to non-nullable reference type. [C:\Users\ASUS\Desktop\DOAN\BE\GSP26SE43.ModularMonolith\ClassifiedAds.UnitTests\ClassifiedAds.UnitTests.csproj]
C:\Users\ASUS\Desktop\DOAN\BE\GSP26SE43.ModularMonolith\ClassifiedAds.UnitTests\TestGeneration\ApiTestOrderModelMapperTests.cs(37,78): warning CS8625: Cannot convert null literal to non-nullable reference type. [C:\Users\ASUS\Desktop\DOAN\BE\GSP26SE43.ModularMonolith\ClassifiedAds.UnitTests\ClassifiedAds.UnitTests.csproj]
C:\Users\ASUS\Desktop\DOAN\BE\GSP26SE43.ModularMonolith\ClassifiedAds.UnitTests\TestGeneration\GenerateLlmSuggestionPreviewCommandHandlerTests.cs(495,27): warning CS8600: Converting null literal or possible null value to non-nullable type. [C:\Users\ASUS\Desktop\DOAN\BE\GSP26SE43.ModularMonolith\ClassifiedAds.UnitTests\ClassifiedAds.UnitTests.csproj]
C:\Users\ASUS\Desktop\DOAN\BE\GSP26SE43.ModularMonolith\ClassifiedAds.UnitTests\TestGeneration\GenerateLlmSuggestionPreviewCommandHandlerTests.cs(494,9): warning CS8620: Argument of type 'ISetup<IRepository<TestSuite, Guid>, Task<TestSuite>>' cannot be used for parameter 'mock' of type 'IReturns<IRepository<TestSuite, Guid>, Task<TestSuite?>>' in 'IReturnsResult<IRepository<TestSuite, Guid>> ReturnsExtensions.ReturnsAsync<IRepository<TestSuite, Guid>, TestSuite?>(IReturns<IRepository<TestSuite, Guid>, Task<TestSuite?>> mock, TestSuite? value)' due to differences in the nullability of reference types. [C:\Users\ASUS\Desktop\DOAN\BE\GSP26SE43.ModularMonolith\ClassifiedAds.UnitTests\ClassifiedAds.UnitTests.csproj]
C:\Users\ASUS\Desktop\DOAN\BE\GSP26SE43.ModularMonolith\ClassifiedAds.UnitTests\TestGeneration\BoundaryNegativeTestCaseGeneratorTests.cs(280,51): warning CS8625: Cannot convert null literal to non-nullable reference type. [C:\Users\ASUS\Desktop\DOAN\BE\GSP26SE43.ModularMonolith\ClassifiedAds.UnitTests\ClassifiedAds.UnitTests.csproj]
C:\Users\ASUS\Desktop\DOAN\BE\GSP26SE43.ModularMonolith\ClassifiedAds.UnitTests\TestReporting\DownloadTestRunReportQueryHandlerTests.cs(99,9): warning CS8620: Argument of type 'ISetup<IRepository<TestReport, Guid>, Task<TestReport>>' cannot be used for parameter 'mock' of type 'IReturns<IRepository<TestReport, Guid>, Task<TestReport?>>' in 'IReturnsResult<IRepository<TestReport, Guid>> GeneratedReturnsExtensions.ReturnsAsync<IQueryable<TestReport>, IRepository<TestReport, Guid>, TestReport?>(IReturns<IRepository<TestReport, Guid>, Task<TestReport?>> mock, Func<IQueryable<TestReport>, TestReport?> valueFunction)' due to differences in the nullability of reference types. [C:\Users\ASUS\Desktop\DOAN\BE\GSP26SE43.ModularMonolith\ClassifiedAds.UnitTests\ClassifiedAds.UnitTests.csproj]
C:\Users\ASUS\Desktop\DOAN\BE\GSP26SE43.ModularMonolith\ClassifiedAds.UnitTests\TestGeneration\ApiTestOrderModelMapperTests.cs(52,78): warning CS8625: Cannot convert null literal to non-nullable reference type. [C:\Users\ASUS\Desktop\DOAN\BE\GSP26SE43.ModularMonolith\ClassifiedAds.UnitTests\ClassifiedAds.UnitTests.csproj]
C:\Users\ASUS\Desktop\DOAN\BE\GSP26SE43.ModularMonolith\ClassifiedAds.UnitTests\TestGeneration\ApiTestOrderModelMapperTests.cs(90,58): warning CS8625: Cannot convert null literal to non-nullable reference type. [C:\Users\ASUS\Desktop\DOAN\BE\GSP26SE43.ModularMonolith\ClassifiedAds.UnitTests\ClassifiedAds.UnitTests.csproj]
C:\Users\ASUS\Desktop\DOAN\BE\GSP26SE43.ModularMonolith\ClassifiedAds.UnitTests\TestGeneration\ApiTestOrderModelMapperTests.cs(90,78): warning CS8625: Cannot convert null literal to non-nullable reference type. [C:\Users\ASUS\Desktop\DOAN\BE\GSP26SE43.ModularMonolith\ClassifiedAds.UnitTests\ClassifiedAds.UnitTests.csproj]
C:\Users\ASUS\Desktop\DOAN\BE\GSP26SE43.ModularMonolith\ClassifiedAds.UnitTests\TestGeneration\ApiTestOrderGateServiceTests.cs(51,27): warning CS8600: Converting null literal or possible null value to non-nullable type. [C:\Users\ASUS\Desktop\DOAN\BE\GSP26SE43.ModularMonolith\ClassifiedAds.UnitTests\ClassifiedAds.UnitTests.csproj]
C:\Users\ASUS\Desktop\DOAN\BE\GSP26SE43.ModularMonolith\ClassifiedAds.UnitTests\TestGeneration\ApiTestOrderGateServiceTests.cs(50,9): warning CS8620: Argument of type 'ISetup<IRepository<TestOrderProposal, Guid>, Task<TestOrderProposal>>' cannot be used for parameter 'mock' of type 'IReturns<IRepository<TestOrderProposal, Guid>, Task<TestOrderProposal?>>' in 'IReturnsResult<IRepository<TestOrderProposal, Guid>> ReturnsExtensions.ReturnsAsync<IRepository<TestOrderProposal, Guid>, TestOrderProposal?>(IReturns<IRepository<TestOrderProposal, Guid>, Task<TestOrderProposal?>> mock, TestOrderProposal? value)' due to differences in the nullability of reference types. [C:\Users\ASUS\Desktop\DOAN\BE\GSP26SE43.ModularMonolith\ClassifiedAds.UnitTests\ClassifiedAds.UnitTests.csproj]
C:\Users\ASUS\Desktop\DOAN\BE\GSP26SE43.ModularMonolith\ClassifiedAds.UnitTests\TestGeneration\LlmScenarioSuggesterTests.cs(537,54): warning CS8600: Converting null literal or possible null value to non-nullable type. [C:\Users\ASUS\Desktop\DOAN\BE\GSP26SE43.ModularMonolith\ClassifiedAds.UnitTests\ClassifiedAds.UnitTests.csproj]
C:\Users\ASUS\Desktop\DOAN\BE\GSP26SE43.ModularMonolith\ClassifiedAds.UnitTests\TestGeneration\GenerateHappyPathTestCasesCommandHandlerTests.cs(575,27): warning CS8600: Converting null literal or possible null value to non-nullable type. [C:\Users\ASUS\Desktop\DOAN\BE\GSP26SE43.ModularMonolith\ClassifiedAds.UnitTests\ClassifiedAds.UnitTests.csproj]
C:\Users\ASUS\Desktop\DOAN\BE\GSP26SE43.ModularMonolith\ClassifiedAds.UnitTests\TestGeneration\GenerateHappyPathTestCasesCommandHandlerTests.cs(574,9): warning CS8620: Argument of type 'ISetup<IRepository<TestSuite, Guid>, Task<TestSuite>>' cannot be used for parameter 'mock' of type 'IReturns<IRepository<TestSuite, Guid>, Task<TestSuite?>>' in 'IReturnsResult<IRepository<TestSuite, Guid>> ReturnsExtensions.ReturnsAsync<IRepository<TestSuite, Guid>, TestSuite?>(IReturns<IRepository<TestSuite, Guid>, Task<TestSuite?>> mock, TestSuite? value)' due to differences in the nullability of reference types. [C:\Users\ASUS\Desktop\DOAN\BE\GSP26SE43.ModularMonolith\ClassifiedAds.UnitTests\ClassifiedAds.UnitTests.csproj]
C:\Users\ASUS\Desktop\DOAN\BE\GSP26SE43.ModularMonolith\ClassifiedAds.UnitTests\TestGeneration\LlmScenarioSuggesterTests.cs(569,54): warning CS8600: Converting null literal or possible null value to non-nullable type. [C:\Users\ASUS\Desktop\DOAN\BE\GSP26SE43.ModularMonolith\ClassifiedAds.UnitTests\ClassifiedAds.UnitTests.csproj]
C:\Users\ASUS\Desktop\DOAN\BE\GSP26SE43.ModularMonolith\ClassifiedAds.UnitTests\TestGeneration\ApiTestOrderGateServiceTests.cs(111,27): warning CS8600: Converting null literal or possible null value to non-nullable type. [C:\Users\ASUS\Desktop\DOAN\BE\GSP26SE43.ModularMonolith\ClassifiedAds.UnitTests\ClassifiedAds.UnitTests.csproj]
C:\Users\ASUS\Desktop\DOAN\BE\GSP26SE43.ModularMonolith\ClassifiedAds.UnitTests\TestGeneration\ApiTestOrderGateServiceTests.cs(110,9): warning CS8620: Argument of type 'ISetup<IRepository<TestOrderProposal, Guid>, Task<TestOrderProposal>>' cannot be used for parameter 'mock' of type 'IReturns<IRepository<TestOrderProposal, Guid>, Task<TestOrderProposal?>>' in 'IReturnsResult<IRepository<TestOrderProposal, Guid>> ReturnsExtensions.ReturnsAsync<IRepository<TestOrderProposal, Guid>, TestOrderProposal?>(IReturns<IRepository<TestOrderProposal, Guid>, Task<TestOrderProposal?>> mock, TestOrderProposal? value)' due to differences in the nullability of reference types. [C:\Users\ASUS\Desktop\DOAN\BE\GSP26SE43.ModularMonolith\ClassifiedAds.UnitTests\ClassifiedAds.UnitTests.csproj]
C:\Users\ASUS\Desktop\DOAN\BE\GSP26SE43.ModularMonolith\ClassifiedAds.UnitTests\TestExecution\TestFailureReadGatewayServiceTests.cs(336,9): warning CS8620: Argument of type 'ISetup<IRepository<TestRun, Guid>, Task<TestRun>>' cannot be used for parameter 'mock' of type 'IReturns<IRepository<TestRun, Guid>, Task<TestRun?>>' in 'IReturnsResult<IRepository<TestRun, Guid>> ReturnsExtensions.ReturnsAsync<IRepository<TestRun, Guid>, TestRun?>(IReturns<IRepository<TestRun, Guid>, Task<TestRun?>> mock, TestRun? value)' due to differences in the nullability of reference types. [C:\Users\ASUS\Desktop\DOAN\BE\GSP26SE43.ModularMonolith\ClassifiedAds.UnitTests\ClassifiedAds.UnitTests.csproj]
C:\Users\ASUS\Desktop\DOAN\BE\GSP26SE43.ModularMonolith\ClassifiedAds.UnitTests\TestGeneration\GenerateBoundaryNegativeTestCasesCommandHandlerTests.cs(611,27): warning CS8600: Converting null literal or possible null value to non-nullable type. [C:\Users\ASUS\Desktop\DOAN\BE\GSP26SE43.ModularMonolith\ClassifiedAds.UnitTests\ClassifiedAds.UnitTests.csproj]
C:\Users\ASUS\Desktop\DOAN\BE\GSP26SE43.ModularMonolith\ClassifiedAds.UnitTests\TestGeneration\GenerateBoundaryNegativeTestCasesCommandHandlerTests.cs(610,9): warning CS8620: Argument of type 'ISetup<IRepository<TestSuite, Guid>, Task<TestSuite>>' cannot be used for parameter 'mock' of type 'IReturns<IRepository<TestSuite, Guid>, Task<TestSuite?>>' in 'IReturnsResult<IRepository<TestSuite, Guid>> ReturnsExtensions.ReturnsAsync<IRepository<TestSuite, Guid>, TestSuite?>(IReturns<IRepository<TestSuite, Guid>, Task<TestSuite?>> mock, TestSuite? value)' due to differences in the nullability of reference types. [C:\Users\ASUS\Desktop\DOAN\BE\GSP26SE43.ModularMonolith\ClassifiedAds.UnitTests\ClassifiedAds.UnitTests.csproj]
C:\Users\ASUS\Desktop\DOAN\BE\GSP26SE43.ModularMonolith\ClassifiedAds.UnitTests\TestGeneration\ApiTestOrderGateServiceTests.cs(161,27): warning CS8600: Converting null literal or possible null value to non-nullable type. [C:\Users\ASUS\Desktop\DOAN\BE\GSP26SE43.ModularMonolith\ClassifiedAds.UnitTests\ClassifiedAds.UnitTests.csproj]
C:\Users\ASUS\Desktop\DOAN\BE\GSP26SE43.ModularMonolith\ClassifiedAds.UnitTests\TestGeneration\ApiTestOrderGateServiceTests.cs(160,9): warning CS8620: Argument of type 'ISetup<IRepository<TestSuite, Guid>, Task<TestSuite>>' cannot be used for parameter 'mock' of type 'IReturns<IRepository<TestSuite, Guid>, Task<TestSuite?>>' in 'IReturnsResult<IRepository<TestSuite, Guid>> ReturnsExtensions.ReturnsAsync<IRepository<TestSuite, Guid>, TestSuite?>(IReturns<IRepository<TestSuite, Guid>, Task<TestSuite?>> mock, TestSuite? value)' due to differences in the nullability of reference types. [C:\Users\ASUS\Desktop\DOAN\BE\GSP26SE43.ModularMonolith\ClassifiedAds.UnitTests\ClassifiedAds.UnitTests.csproj]
C:\Users\ASUS\Desktop\DOAN\BE\GSP26SE43.ModularMonolith\ClassifiedAds.UnitTests\TestExecution\GetTestRunQueryHandlerTests.cs(55,18): warning CS8625: Cannot convert null literal to non-nullable reference type. [C:\Users\ASUS\Desktop\DOAN\BE\GSP26SE43.ModularMonolith\ClassifiedAds.UnitTests\ClassifiedAds.UnitTests.csproj]
C:\Users\ASUS\Desktop\DOAN\BE\GSP26SE43.ModularMonolith\ClassifiedAds.UnitTests\TestGeneration\AddUpdateTestSuiteScopeCommandHandlerTests.cs(243,27): warning CS8600: Converting null literal or possible null value to non-nullable type. [C:\Users\ASUS\Desktop\DOAN\BE\GSP26SE43.ModularMonolith\ClassifiedAds.UnitTests\ClassifiedAds.UnitTests.csproj]
C:\Users\ASUS\Desktop\DOAN\BE\GSP26SE43.ModularMonolith\ClassifiedAds.UnitTests\TestGeneration\AddUpdateTestSuiteScopeCommandHandlerTests.cs(242,9): warning CS8620: Argument of type 'ISetup<IRepository<TestSuite, Guid>, Task<TestSuite>>' cannot be used for parameter 'mock' of type 'IReturns<IRepository<TestSuite, Guid>, Task<TestSuite?>>' in 'IReturnsResult<IRepository<TestSuite, Guid>> ReturnsExtensions.ReturnsAsync<IRepository<TestSuite, Guid>, TestSuite?>(IReturns<IRepository<TestSuite, Guid>, Task<TestSuite?>> mock, TestSuite? value)' due to differences in the nullability of reference types. [C:\Users\ASUS\Desktop\DOAN\BE\GSP26SE43.ModularMonolith\ClassifiedAds.UnitTests\ClassifiedAds.UnitTests.csproj]
C:\Users\ASUS\Desktop\DOAN\BE\GSP26SE43.ModularMonolith\ClassifiedAds.UnitTests\TestGeneration\LlmScenarioSuggesterTests.cs(629,54): warning CS8600: Converting null literal or possible null value to non-nullable type. [C:\Users\ASUS\Desktop\DOAN\BE\GSP26SE43.ModularMonolith\ClassifiedAds.UnitTests\ClassifiedAds.UnitTests.csproj]
C:\Users\ASUS\Desktop\DOAN\BE\GSP26SE43.ModularMonolith\ClassifiedAds.UnitTests\TestGeneration\BulkReviewLlmSuggestionsCommandHandlerTests.cs(533,106): warning CS8600: Converting null literal or possible null value to non-nullable type. [C:\Users\ASUS\Desktop\DOAN\BE\GSP26SE43.ModularMonolith\ClassifiedAds.UnitTests\ClassifiedAds.UnitTests.csproj]
C:\Users\ASUS\Desktop\DOAN\BE\GSP26SE43.ModularMonolith\ClassifiedAds.UnitTests\TestGeneration\BulkReviewLlmSuggestionsCommandHandlerTests.cs(533,9): warning CS8620: Argument of type 'ISetup<IRepository<TestSuite, Guid>, Task<TestSuite>>' cannot be used for parameter 'mock' of type 'IReturns<IRepository<TestSuite, Guid>, Task<TestSuite?>>' in 'IReturnsResult<IRepository<TestSuite, Guid>> ReturnsExtensions.ReturnsAsync<IRepository<TestSuite, Guid>, TestSuite?>(IReturns<IRepository<TestSuite, Guid>, Task<TestSuite?>> mock, TestSuite? value)' due to differences in the nullability of reference types. [C:\Users\ASUS\Desktop\DOAN\BE\GSP26SE43.ModularMonolith\ClassifiedAds.UnitTests\ClassifiedAds.UnitTests.csproj]
C:\Users\ASUS\Desktop\DOAN\BE\GSP26SE43.ModularMonolith\ClassifiedAds.UnitTests\TestGeneration\AddTestCaseCommandHandlerTests.cs(245,27): warning CS8600: Converting null literal or possible null value to non-nullable type. [C:\Users\ASUS\Desktop\DOAN\BE\GSP26SE43.ModularMonolith\ClassifiedAds.UnitTests\ClassifiedAds.UnitTests.csproj]
C:\Users\ASUS\Desktop\DOAN\BE\GSP26SE43.ModularMonolith\ClassifiedAds.UnitTests\TestGeneration\AddTestCaseCommandHandlerTests.cs(244,9): warning CS8620: Argument of type 'ISetup<IRepository<TestSuite, Guid>, Task<TestSuite>>' cannot be used for parameter 'mock' of type 'IReturns<IRepository<TestSuite, Guid>, Task<TestSuite?>>' in 'IReturnsResult<IRepository<TestSuite, Guid>> ReturnsExtensions.ReturnsAsync<IRepository<TestSuite, Guid>, TestSuite?>(IReturns<IRepository<TestSuite, Guid>, Task<TestSuite?>> mock, TestSuite? value)' due to differences in the nullability of reference types. [C:\Users\ASUS\Desktop\DOAN\BE\GSP26SE43.ModularMonolith\ClassifiedAds.UnitTests\ClassifiedAds.UnitTests.csproj]
C:\Users\ASUS\Desktop\DOAN\BE\GSP26SE43.ModularMonolith\ClassifiedAds.UnitTests\TestExecution\GetTestRunQueryHandlerTests.cs(122,9): warning CS8620: Argument of type 'ISetup<IRepository<TestRun, Guid>, Task<TestRun>>' cannot be used for parameter 'mock' of type 'IReturns<IRepository<TestRun, Guid>, Task<TestRun?>>' in 'IReturnsResult<IRepository<TestRun, Guid>> ReturnsExtensions.ReturnsAsync<IRepository<TestRun, Guid>, TestRun?>(IReturns<IRepository<TestRun, Guid>, Task<TestRun?>> mock, TestRun? value)' due to differences in the nullability of reference types. [C:\Users\ASUS\Desktop\DOAN\BE\GSP26SE43.ModularMonolith\ClassifiedAds.UnitTests\ClassifiedAds.UnitTests.csproj]
C:\Users\ASUS\Desktop\DOAN\BE\GSP26SE43.ModularMonolith\ClassifiedAds.UnitTests\TestExecution\HttpTestExecutorTests.cs(53,46): warning CS8600: Converting null literal or possible null value to non-nullable type. [C:\Users\ASUS\Desktop\DOAN\BE\GSP26SE43.ModularMonolith\ClassifiedAds.UnitTests\ClassifiedAds.UnitTests.csproj]
C:\Users\ASUS\Desktop\DOAN\BE\GSP26SE43.ModularMonolith\ClassifiedAds.UnitTests\ApiDocumentation\PathParameterQueryHandlerTests.cs(427,9): warning CS8620: Argument of type 'ISetup<IRepository<Project, Guid>, Task<Project>>' cannot be used for parameter 'mock' of type 'IReturns<IRepository<Project, Guid>, Task<Project?>>' in 'IReturnsResult<IRepository<Project, Guid>> GeneratedReturnsExtensions.ReturnsAsync<IQueryable<Project>, IRepository<Project, Guid>, Project?>(IReturns<IRepository<Project, Guid>, Task<Project?>> mock, Func<IQueryable<Project>, Project?> valueFunction)' due to differences in the nullability of reference types. [C:\Users\ASUS\Desktop\DOAN\BE\GSP26SE43.ModularMonolith\ClassifiedAds.UnitTests\ClassifiedAds.UnitTests.csproj]
C:\Users\ASUS\Desktop\DOAN\BE\GSP26SE43.ModularMonolith\ClassifiedAds.UnitTests\ApiDocumentation\PathParameterQueryHandlerTests.cs(431,9): warning CS8620: Argument of type 'ISetup<IRepository<ApiSpecification, Guid>, Task<ApiSpecification>>' cannot be used for parameter 'mock' of type 'IReturns<IRepository<ApiSpecification, Guid>, Task<ApiSpecification?>>' in 'IReturnsResult<IRepository<ApiSpecification, Guid>> GeneratedReturnsExtensions.ReturnsAsync<IQueryable<ApiSpecification>, IRepository<ApiSpecification, Guid>, ApiSpecification?>(IReturns<IRepository<ApiSpecification, Guid>, Task<ApiSpecification?>> mock, Func<IQueryable<ApiSpecification>, ApiSpecification?> valueFunction)' due to differences in the nullability of reference types. [C:\Users\ASUS\Desktop\DOAN\BE\GSP26SE43.ModularMonolith\ClassifiedAds.UnitTests\ClassifiedAds.UnitTests.csproj]
C:\Users\ASUS\Desktop\DOAN\BE\GSP26SE43.ModularMonolith\ClassifiedAds.UnitTests\ApiDocumentation\PathParameterQueryHandlerTests.cs(435,9): warning CS8620: Argument of type 'ISetup<IRepository<ApiEndpoint, Guid>, Task<ApiEndpoint>>' cannot be used for parameter 'mock' of type 'IReturns<IRepository<ApiEndpoint, Guid>, Task<ApiEndpoint?>>' in 'IReturnsResult<IRepository<ApiEndpoint, Guid>> GeneratedReturnsExtensions.ReturnsAsync<IQueryable<ApiEndpoint>, IRepository<ApiEndpoint, Guid>, ApiEndpoint?>(IReturns<IRepository<ApiEndpoint, Guid>, Task<ApiEndpoint?>> mock, Func<IQueryable<ApiEndpoint>, ApiEndpoint?> valueFunction)' due to differences in the nullability of reference types. [C:\Users\ASUS\Desktop\DOAN\BE\GSP26SE43.ModularMonolith\ClassifiedAds.UnitTests\ClassifiedAds.UnitTests.csproj]
C:\Users\ASUS\Desktop\DOAN\BE\GSP26SE43.ModularMonolith\ClassifiedAds.UnitTests\TestGeneration\BoundaryNegativeTestCaseGeneratorTests.cs(731,55): warning CS8625: Cannot convert null literal to non-nullable reference type. [C:\Users\ASUS\Desktop\DOAN\BE\GSP26SE43.ModularMonolith\ClassifiedAds.UnitTests\ClassifiedAds.UnitTests.csproj]
C:\Users\ASUS\Desktop\DOAN\BE\GSP26SE43.ModularMonolith\ClassifiedAds.UnitTests\TestGeneration\BoundaryNegativeTestCaseGeneratorTests.cs(736,56): warning CS8600: Converting null literal or possible null value to non-nullable type. [C:\Users\ASUS\Desktop\DOAN\BE\GSP26SE43.ModularMonolith\ClassifiedAds.UnitTests\ClassifiedAds.UnitTests.csproj]
C:\Users\ASUS\Desktop\DOAN\BE\GSP26SE43.ModularMonolith\ClassifiedAds.UnitTests\TestExecution\HttpTestExecutorTests.cs(76,31): warning CS8600: Converting null literal or possible null value to non-nullable type. [C:\Users\ASUS\Desktop\DOAN\BE\GSP26SE43.ModularMonolith\ClassifiedAds.UnitTests\ClassifiedAds.UnitTests.csproj]
C:\Users\ASUS\Desktop\DOAN\BE\GSP26SE43.ModularMonolith\ClassifiedAds.UnitTests\TestExecution\HttpTestExecutorTests.cs(77,38): warning CS8600: Converting null literal or possible null value to non-nullable type. [C:\Users\ASUS\Desktop\DOAN\BE\GSP26SE43.ModularMonolith\ClassifiedAds.UnitTests\ClassifiedAds.UnitTests.csproj]
C:\Users\ASUS\Desktop\DOAN\BE\GSP26SE43.ModularMonolith\ClassifiedAds.UnitTests\TestExecution\HttpTestExecutorTests.cs(87,39): warning CS8600: Converting null literal or possible null value to non-nullable type. [C:\Users\ASUS\Desktop\DOAN\BE\GSP26SE43.ModularMonolith\ClassifiedAds.UnitTests\ClassifiedAds.UnitTests.csproj]
C:\Users\ASUS\Desktop\DOAN\BE\GSP26SE43.ModularMonolith\ClassifiedAds.UnitTests\TestExecution\HttpTestExecutorTests.cs(113,27): warning CS8600: Converting null literal or possible null value to non-nullable type. [C:\Users\ASUS\Desktop\DOAN\BE\GSP26SE43.ModularMonolith\ClassifiedAds.UnitTests\ClassifiedAds.UnitTests.csproj]
C:\Users\ASUS\Desktop\DOAN\BE\GSP26SE43.ModularMonolith\ClassifiedAds.UnitTests\TestExecution\HttpTestExecutorTests.cs(117,33): warning CS8600: Converting null literal or possible null value to non-nullable type. [C:\Users\ASUS\Desktop\DOAN\BE\GSP26SE43.ModularMonolith\ClassifiedAds.UnitTests\ClassifiedAds.UnitTests.csproj]
C:\Users\ASUS\Desktop\DOAN\BE\GSP26SE43.ModularMonolith\ClassifiedAds.UnitTests\TestExecution\HttpTestExecutorTests.cs(142,27): warning CS8600: Converting null literal or possible null value to non-nullable type. [C:\Users\ASUS\Desktop\DOAN\BE\GSP26SE43.ModularMonolith\ClassifiedAds.UnitTests\ClassifiedAds.UnitTests.csproj]
C:\Users\ASUS\Desktop\DOAN\BE\GSP26SE43.ModularMonolith\ClassifiedAds.UnitTests\TestExecution\HttpTestExecutorTests.cs(146,33): warning CS8600: Converting null literal or possible null value to non-nullable type. [C:\Users\ASUS\Desktop\DOAN\BE\GSP26SE43.ModularMonolith\ClassifiedAds.UnitTests\ClassifiedAds.UnitTests.csproj]
C:\Users\ASUS\Desktop\DOAN\BE\GSP26SE43.ModularMonolith\ClassifiedAds.UnitTests\TestExecution\HttpTestExecutorTests.cs(155,28): warning CS8625: Cannot convert null literal to non-nullable reference type. [C:\Users\ASUS\Desktop\DOAN\BE\GSP26SE43.ModularMonolith\ClassifiedAds.UnitTests\ClassifiedAds.UnitTests.csproj]
C:\Users\ASUS\Desktop\DOAN\BE\GSP26SE43.ModularMonolith\ClassifiedAds.UnitTests\TestExecution\HttpTestExecutorTests.cs(172,27): warning CS8600: Converting null literal or possible null value to non-nullable type. [C:\Users\ASUS\Desktop\DOAN\BE\GSP26SE43.ModularMonolith\ClassifiedAds.UnitTests\ClassifiedAds.UnitTests.csproj]
C:\Users\ASUS\Desktop\DOAN\BE\GSP26SE43.ModularMonolith\ClassifiedAds.UnitTests\TestExecution\HttpTestExecutorTests.cs(176,33): warning CS8600: Converting null literal or possible null value to non-nullable type. [C:\Users\ASUS\Desktop\DOAN\BE\GSP26SE43.ModularMonolith\ClassifiedAds.UnitTests\ClassifiedAds.UnitTests.csproj]
C:\Users\ASUS\Desktop\DOAN\BE\GSP26SE43.ModularMonolith\ClassifiedAds.UnitTests\TestExecution\ExecutionEnvironmentRuntimeResolverTests.cs(187,22): warning CS8600: Converting null literal or possible null value to non-nullable type. [C:\Users\ASUS\Desktop\DOAN\BE\GSP26SE43.ModularMonolith\ClassifiedAds.UnitTests\ClassifiedAds.UnitTests.csproj]
C:\Users\ASUS\Desktop\DOAN\BE\GSP26SE43.ModularMonolith\ClassifiedAds.UnitTests\TestExecution\ExecutionEnvironmentRuntimeResolverTests.cs(187,22): warning CS8625: Cannot convert null literal to non-nullable reference type. [C:\Users\ASUS\Desktop\DOAN\BE\GSP26SE43.ModularMonolith\ClassifiedAds.UnitTests\ClassifiedAds.UnitTests.csproj]
C:\Users\ASUS\Desktop\DOAN\BE\GSP26SE43.ModularMonolith\ClassifiedAds.UnitTests\TestExecution\TestExecutionOrchestratorTests.cs(266,59): warning CS8629: Nullable value type may be null. [C:\Users\ASUS\Desktop\DOAN\BE\GSP26SE43.ModularMonolith\ClassifiedAds.UnitTests\ClassifiedAds.UnitTests.csproj]
C:\Users\ASUS\Desktop\DOAN\BE\GSP26SE43.ModularMonolith\ClassifiedAds.UnitTests\TestExecution\TestExecutionOrchestratorTests.cs(266,83): warning CS8629: Nullable value type may be null. [C:\Users\ASUS\Desktop\DOAN\BE\GSP26SE43.ModularMonolith\ClassifiedAds.UnitTests\ClassifiedAds.UnitTests.csproj]
C:\Users\ASUS\Desktop\DOAN\BE\GSP26SE43.ModularMonolith\ClassifiedAds.UnitTests\TestExecution\HttpTestExecutorTests.cs(263,46): warning CS8600: Converting null literal or possible null value to non-nullable type. [C:\Users\ASUS\Desktop\DOAN\BE\GSP26SE43.ModularMonolith\ClassifiedAds.UnitTests\ClassifiedAds.UnitTests.csproj]
C:\Users\ASUS\Desktop\DOAN\BE\GSP26SE43.ModularMonolith\ClassifiedAds.UnitTests\TestExecution\TestExecutionOrchestratorTests.cs(285,52): warning CS8629: Nullable value type may be null. [C:\Users\ASUS\Desktop\DOAN\BE\GSP26SE43.ModularMonolith\ClassifiedAds.UnitTests\ClassifiedAds.UnitTests.csproj]
C:\Users\ASUS\Desktop\DOAN\BE\GSP26SE43.ModularMonolith\ClassifiedAds.UnitTests\TestExecution\HttpTestExecutorTests.cs(298,31): warning CS8600: Converting null literal or possible null value to non-nullable type. [C:\Users\ASUS\Desktop\DOAN\BE\GSP26SE43.ModularMonolith\ClassifiedAds.UnitTests\ClassifiedAds.UnitTests.csproj]
C:\Users\ASUS\Desktop\DOAN\BE\GSP26SE43.ModularMonolith\ClassifiedAds.UnitTests\TestExecution\HttpTestExecutorTests.cs(299,38): warning CS8600: Converting null literal or possible null value to non-nullable type. [C:\Users\ASUS\Desktop\DOAN\BE\GSP26SE43.ModularMonolith\ClassifiedAds.UnitTests\ClassifiedAds.UnitTests.csproj]
C:\Users\ASUS\Desktop\DOAN\BE\GSP26SE43.ModularMonolith\ClassifiedAds.UnitTests\TestExecution\HttpTestExecutorTests.cs(306,28): warning CS8600: Converting null literal or possible null value to non-nullable type. [C:\Users\ASUS\Desktop\DOAN\BE\GSP26SE43.ModularMonolith\ClassifiedAds.UnitTests\ClassifiedAds.UnitTests.csproj]
C:\Users\ASUS\Desktop\DOAN\BE\GSP26SE43.ModularMonolith\ClassifiedAds.UnitTests\TestExecution\HttpTestExecutorTests.cs(307,35): warning CS8600: Converting null literal or possible null value to non-nullable type. [C:\Users\ASUS\Desktop\DOAN\BE\GSP26SE43.ModularMonolith\ClassifiedAds.UnitTests\ClassifiedAds.UnitTests.csproj]
C:\Users\ASUS\Desktop\DOAN\BE\GSP26SE43.ModularMonolith\ClassifiedAds.UnitTests\TestExecution\ExecutionEnvironmentRuntimeResolverTests.cs(210,22): warning CS8600: Converting null literal or possible null value to non-nullable type. [C:\Users\ASUS\Desktop\DOAN\BE\GSP26SE43.ModularMonolith\ClassifiedAds.UnitTests\ClassifiedAds.UnitTests.csproj]
C:\Users\ASUS\Desktop\DOAN\BE\GSP26SE43.ModularMonolith\ClassifiedAds.UnitTests\TestExecution\ExecutionEnvironmentRuntimeResolverTests.cs(210,22): warning CS8625: Cannot convert null literal to non-nullable reference type. [C:\Users\ASUS\Desktop\DOAN\BE\GSP26SE43.ModularMonolith\ClassifiedAds.UnitTests\ClassifiedAds.UnitTests.csproj]
C:\Users\ASUS\Desktop\DOAN\BE\GSP26SE43.ModularMonolith\ClassifiedAds.UnitTests\TestExecution\ExecutionEnvironmentRuntimeResolverTests.cs(235,22): warning CS8600: Converting null literal or possible null value to non-nullable type. [C:\Users\ASUS\Desktop\DOAN\BE\GSP26SE43.ModularMonolith\ClassifiedAds.UnitTests\ClassifiedAds.UnitTests.csproj]
C:\Users\ASUS\Desktop\DOAN\BE\GSP26SE43.ModularMonolith\ClassifiedAds.UnitTests\TestExecution\ExecutionEnvironmentRuntimeResolverTests.cs(235,22): warning CS8625: Cannot convert null literal to non-nullable reference type. [C:\Users\ASUS\Desktop\DOAN\BE\GSP26SE43.ModularMonolith\ClassifiedAds.UnitTests\ClassifiedAds.UnitTests.csproj]
C:\Users\ASUS\Desktop\DOAN\BE\GSP26SE43.ModularMonolith\ClassifiedAds.UnitTests\TestExecution\HttpTestExecutorTests.cs(330,31): warning CS8600: Converting null literal or possible null value to non-nullable type. [C:\Users\ASUS\Desktop\DOAN\BE\GSP26SE43.ModularMonolith\ClassifiedAds.UnitTests\ClassifiedAds.UnitTests.csproj]
C:\Users\ASUS\Desktop\DOAN\BE\GSP26SE43.ModularMonolith\ClassifiedAds.UnitTests\TestExecution\HttpTestExecutorTests.cs(331,38): warning CS8600: Converting null literal or possible null value to non-nullable type. [C:\Users\ASUS\Desktop\DOAN\BE\GSP26SE43.ModularMonolith\ClassifiedAds.UnitTests\ClassifiedAds.UnitTests.csproj]
C:\Users\ASUS\Desktop\DOAN\BE\GSP26SE43.ModularMonolith\ClassifiedAds.UnitTests\TestExecution\HttpTestExecutorTests.cs(338,28): warning CS8600: Converting null literal or possible null value to non-nullable type. [C:\Users\ASUS\Desktop\DOAN\BE\GSP26SE43.ModularMonolith\ClassifiedAds.UnitTests\ClassifiedAds.UnitTests.csproj]
C:\Users\ASUS\Desktop\DOAN\BE\GSP26SE43.ModularMonolith\ClassifiedAds.UnitTests\TestExecution\HttpTestExecutorTests.cs(339,35): warning CS8600: Converting null literal or possible null value to non-nullable type. [C:\Users\ASUS\Desktop\DOAN\BE\GSP26SE43.ModularMonolith\ClassifiedAds.UnitTests\ClassifiedAds.UnitTests.csproj]
C:\Users\ASUS\Desktop\DOAN\BE\GSP26SE43.ModularMonolith\ClassifiedAds.UnitTests\TestExecution\StartTestRunCommandHandlerTests.cs(307,27): warning CS8600: Converting null literal or possible null value to non-nullable type. [C:\Users\ASUS\Desktop\DOAN\BE\GSP26SE43.ModularMonolith\ClassifiedAds.UnitTests\ClassifiedAds.UnitTests.csproj]
C:\Users\ASUS\Desktop\DOAN\BE\GSP26SE43.ModularMonolith\ClassifiedAds.UnitTests\TestExecution\StartTestRunCommandHandlerTests.cs(306,9): warning CS8620: Argument of type 'ISetup<IRepository<ExecutionEnvironment, Guid>, Task<ExecutionEnvironment>>' cannot be used for parameter 'mock' of type 'IReturns<IRepository<ExecutionEnvironment, Guid>, Task<ExecutionEnvironment?>>' in 'IReturnsResult<IRepository<ExecutionEnvironment, Guid>> ReturnsExtensions.ReturnsAsync<IRepository<ExecutionEnvironment, Guid>, ExecutionEnvironment?>(IReturns<IRepository<ExecutionEnvironment, Guid>, Task<ExecutionEnvironment?>> mock, ExecutionEnvironment? value)' due to differences in the nullability of reference types. [C:\Users\ASUS\Desktop\DOAN\BE\GSP26SE43.ModularMonolith\ClassifiedAds.UnitTests\ClassifiedAds.UnitTests.csproj]
C:\Users\ASUS\Desktop\DOAN\BE\GSP26SE43.ModularMonolith\ClassifiedAds.UnitTests\TestExecution\StartTestRunCommandHandlerTests.cs(393,31): warning CS8600: Converting null literal or possible null value to non-nullable type. [C:\Users\ASUS\Desktop\DOAN\BE\GSP26SE43.ModularMonolith\ClassifiedAds.UnitTests\ClassifiedAds.UnitTests.csproj]
C:\Users\ASUS\Desktop\DOAN\BE\GSP26SE43.ModularMonolith\ClassifiedAds.UnitTests\TestExecution\TestExecutionOrchestratorTests.cs(878,32): warning CS8600: Converting null literal or possible null value to non-nullable type. [C:\Users\ASUS\Desktop\DOAN\BE\GSP26SE43.ModularMonolith\ClassifiedAds.UnitTests\ClassifiedAds.UnitTests.csproj]
C:\Users\ASUS\Desktop\DOAN\BE\GSP26SE43.ModularMonolith\ClassifiedAds.UnitTests\TestExecution\TestExecutionOrchestratorTests.cs(891,31): warning CS8600: Converting null literal or possible null value to non-nullable type. [C:\Users\ASUS\Desktop\DOAN\BE\GSP26SE43.ModularMonolith\ClassifiedAds.UnitTests\ClassifiedAds.UnitTests.csproj]
C:\Users\ASUS\Desktop\DOAN\BE\GSP26SE43.ModularMonolith\ClassifiedAds.UnitTests\TestExecution\TestExecutionOrchestratorTests.cs(984,32): warning CS8600: Converting null literal or possible null value to non-nullable type. [C:\Users\ASUS\Desktop\DOAN\BE\GSP26SE43.ModularMonolith\ClassifiedAds.UnitTests\ClassifiedAds.UnitTests.csproj]
C:\Users\ASUS\Desktop\DOAN\BE\GSP26SE43.ModularMonolith\ClassifiedAds.UnitTests\TestExecution\TestExecutionOrchestratorTests.cs(985,39): warning CS8600: Converting null literal or possible null value to non-nullable type. [C:\Users\ASUS\Desktop\DOAN\BE\GSP26SE43.ModularMonolith\ClassifiedAds.UnitTests\ClassifiedAds.UnitTests.csproj]
C:\Users\ASUS\Desktop\DOAN\BE\GSP26SE43.ModularMonolith\ClassifiedAds.UnitTests\TestExecution\TestExecutionOrchestratorTests.cs(999,31): warning CS8600: Converting null literal or possible null value to non-nullable type. [C:\Users\ASUS\Desktop\DOAN\BE\GSP26SE43.ModularMonolith\ClassifiedAds.UnitTests\ClassifiedAds.UnitTests.csproj]
C:\Users\ASUS\Desktop\DOAN\BE\GSP26SE43.ModularMonolith\ClassifiedAds.UnitTests\TestExecution\TestExecutionOrchestratorTests.cs(1000,35): warning CS8600: Converting null literal or possible null value to non-nullable type. [C:\Users\ASUS\Desktop\DOAN\BE\GSP26SE43.ModularMonolith\ClassifiedAds.UnitTests\ClassifiedAds.UnitTests.csproj]
C:\Users\ASUS\Desktop\DOAN\BE\GSP26SE43.ModularMonolith\ClassifiedAds.UnitTests\TestExecution\TestExecutionOrchestratorTests.cs(1001,38): warning CS8600: Converting null literal or possible null value to non-nullable type. [C:\Users\ASUS\Desktop\DOAN\BE\GSP26SE43.ModularMonolith\ClassifiedAds.UnitTests\ClassifiedAds.UnitTests.csproj]
C:\Users\ASUS\Desktop\DOAN\BE\GSP26SE43.ModularMonolith\ClassifiedAds.UnitTests\TestExecution\TestExecutionOrchestratorTests.cs(1117,32): warning CS8600: Converting null literal or possible null value to non-nullable type. [C:\Users\ASUS\Desktop\DOAN\BE\GSP26SE43.ModularMonolith\ClassifiedAds.UnitTests\ClassifiedAds.UnitTests.csproj]
C:\Users\ASUS\Desktop\DOAN\BE\GSP26SE43.ModularMonolith\ClassifiedAds.UnitTests\TestExecution\TestExecutionOrchestratorTests.cs(1118,36): warning CS8600: Converting null literal or possible null value to non-nullable type. [C:\Users\ASUS\Desktop\DOAN\BE\GSP26SE43.ModularMonolith\ClassifiedAds.UnitTests\ClassifiedAds.UnitTests.csproj]
C:\Users\ASUS\Desktop\DOAN\BE\GSP26SE43.ModularMonolith\ClassifiedAds.UnitTests\TestExecution\TestExecutionOrchestratorTests.cs(1132,31): warning CS8600: Converting null literal or possible null value to non-nullable type. [C:\Users\ASUS\Desktop\DOAN\BE\GSP26SE43.ModularMonolith\ClassifiedAds.UnitTests\ClassifiedAds.UnitTests.csproj]
C:\Users\ASUS\Desktop\DOAN\BE\GSP26SE43.ModularMonolith\ClassifiedAds.UnitTests\TestExecution\TestExecutionOrchestratorTests.cs(1133,35): warning CS8600: Converting null literal or possible null value to non-nullable type. [C:\Users\ASUS\Desktop\DOAN\BE\GSP26SE43.ModularMonolith\ClassifiedAds.UnitTests\ClassifiedAds.UnitTests.csproj]
C:\Users\ASUS\Desktop\DOAN\BE\GSP26SE43.ModularMonolith\ClassifiedAds.UnitTests\TestGeneration\TestCaseRequestBuilderTests.cs(75,17): warning xUnit1012: Null should not be used for type parameter 'input' of type 'string'. Use a non-null value, or convert the parameter to a nullable type. (https://xunit.net/xunit.analyzers/rules/xUnit1012) [C:\Users\ASUS\Desktop\DOAN\BE\GSP26SE43.ModularMonolith\ClassifiedAds.UnitTests\ClassifiedAds.UnitTests.csproj]
C:\Users\ASUS\Desktop\DOAN\BE\GSP26SE43.ModularMonolith\ClassifiedAds.UnitTests\TestGeneration\TestCaseRequestBuilderTests.cs(112,17): warning xUnit1012: Null should not be used for type parameter 'input' of type 'string'. Use a non-null value, or convert the parameter to a nullable type. (https://xunit.net/xunit.analyzers/rules/xUnit1012) [C:\Users\ASUS\Desktop\DOAN\BE\GSP26SE43.ModularMonolith\ClassifiedAds.UnitTests\ClassifiedAds.UnitTests.csproj]
C:\Users\ASUS\Desktop\DOAN\BE\GSP26SE43.ModularMonolith\ClassifiedAds.UnitTests\TestGeneration\LlmSuggestionMaterializerTests.cs(445,17): warning xUnit1012: Null should not be used for type parameter 'input' of type 'string'. Use a non-null value, or convert the parameter to a nullable type. (https://xunit.net/xunit.analyzers/rules/xUnit1012) [C:\Users\ASUS\Desktop\DOAN\BE\GSP26SE43.ModularMonolith\ClassifiedAds.UnitTests\ClassifiedAds.UnitTests.csproj]
C:\Users\ASUS\Desktop\DOAN\BE\GSP26SE43.ModularMonolith\ClassifiedAds.UnitTests\TestGeneration\BoundaryNegativeTestCaseGeneratorTests.cs(492,17): warning xUnit1012: Null should not be used for type parameter 'mutationType' of type 'string'. Use a non-null value, or convert the parameter to a nullable type. (https://xunit.net/xunit.analyzers/rules/xUnit1012) [C:\Users\ASUS\Desktop\DOAN\BE\GSP26SE43.ModularMonolith\ClassifiedAds.UnitTests\ClassifiedAds.UnitTests.csproj]
  ClassifiedAds.UnitTests -> C:\Users\ASUS\Desktop\DOAN\BE\GSP26SE43.ModularMonolith\ClassifiedAds.UnitTests\bin\Debug\net10.0\ClassifiedAds.UnitTests.dll
Test run for C:\Users\ASUS\Desktop\DOAN\BE\GSP26SE43.ModularMonolith\ClassifiedAds.UnitTests\bin\Debug\net10.0\ClassifiedAds.UnitTests.dll (.NETCoreApp,Version=v10.0)
VSTest version 18.0.1 (x64)

Starting test execution, please wait...
A total of 1 test files matched the specified pattern.
  Failed ClassifiedAds.UnitTests.TestGeneration.LlmScenarioSuggesterTests.SuggestScenariosAsync_Should_SynthesizeNonEmptyHappyPathBody_WhenContractRequiresBody [168 ms]
  Error Message:
   Expected happyPath.SuggestedBodyType to be the same string, but they differ at index 0:
   Γåô (actual)
  "UrlEncoded"
  "JSON"
   Γåæ (expected).
  Stack Trace:
     at FluentAssertions.Execution.LateBoundTestFramework.Throw(String message)
   at FluentAssertions.Execution.DefaultAssertionStrategy.HandleFailure(String message)
   at FluentAssertions.Execution.AssertionScope.AddPreFormattedFailure(String formattedFailureMessage)
   at FluentAssertions.Execution.AssertionChain.FailWith(Func`1 getFailureReason)
   at FluentAssertions.Execution.AssertionChain.FailWith(Func`1 getFailureReason)
   at FluentAssertions.Execution.AssertionChain.FailWith(String message)
   at FluentAssertions.Primitives.StringEqualityStrategy.ValidateAgainstMismatch(AssertionChain assertionChain, String subject, String expected)
   at FluentAssertions.Primitives.StringValidator.Validate(String subject, String expected)
   at FluentAssertions.Primitives.StringAssertions`1.Be(String expected, String because, Object[] becauseArgs)
   at ClassifiedAds.UnitTests.TestGeneration.LlmScenarioSuggesterTests.SuggestScenariosAsync_Should_SynthesizeNonEmptyHappyPathBody_WhenContractRequiresBody() in C:\Users\ASUS\Desktop\DOAN\BE\GSP26SE43.ModularMonolith\ClassifiedAds.UnitTests\TestGeneration\LlmScenarioSuggesterTests.cs:line 245
--- End of stack trace from previous location ---

Failed!  - Failed:     1, Passed:    37, Skipped:     0, Total:    38, Duration: 704 ms - ClassifiedAds.UnitTests.dll (net10.0)
